Archive member included to satisfy reference by file (symbol)

/Applications/VEXcode V5 Text.app/Contents/Resources/sdk/vexv5/libv5rt.a(v5_startup.c.obj)
                              (vexStartup)
/Applications/VEXcode V5 Text.app/Contents/Resources/sdk/vexv5/libv5rt.a(v5_util.c.obj)
                              /Applications/VEXcode V5 Text.app/Contents/Resources/sdk/vexv5/libv5rt.a(v5_startup.c.obj) (vexStdlibVersionLinked)
/Applications/VEXcode V5 Text.app/Contents/Resources/sdk/vexv5/libv5rt.a(v5_apijump.c.obj)
                              /Applications/VEXcode V5 Text.app/Contents/Resources/sdk/vexv5/libv5rt.a(v5_startup.c.obj) (vexPrivateApiEnable)
/Applications/VEXcode V5 Text.app/Contents/Resources/sdk/vexv5/libv5rt.a(v5_apiversions.c.obj)
                              /Applications/VEXcode V5 Text.app/Contents/Resources/sdk/vexv5/libv5rt.a(v5_apijump.c.obj) (vexSystemVersion)
/Applications/VEXcode V5 Text.app/Contents/Resources/sdk/vexv5/libv5rt.a(vex_global.cpp.obj)
                              build/src/main.o (vex::wait(double, vex::timeUnits))
/Applications/VEXcode V5 Text.app/Contents/Resources/sdk/vexv5/libv5rt.a(vex_motor.cpp.obj)
                              build/src/main.o (vex::motor::~motor())
/Applications/VEXcode V5 Text.app/Contents/Resources/sdk/vexv5/libv5rt.a(vex_imu.cpp.obj)
                              build/src/main.o (vex::inertial::setHeading(double, vex::rotationUnits))
/Applications/VEXcode V5 Text.app/Contents/Resources/sdk/vexv5/libv5rt.a(vex_controller.cpp.obj)
                              build/src/main.o (vex::controller::~controller())
/Applications/VEXcode V5 Text.app/Contents/Resources/sdk/vexv5/libv5rt.a(vex_thread.cpp.obj)
                              /Applications/VEXcode V5 Text.app/Contents/Resources/sdk/vexv5/libv5rt.a(vex_global.cpp.obj) (vex::this_thread::sleep_for(unsigned long))
/Applications/VEXcode V5 Text.app/Contents/Resources/sdk/vexv5/libv5rt.a(vex_event.cpp.obj)
                              /Applications/VEXcode V5 Text.app/Contents/Resources/sdk/vexv5/libv5rt.a(vex_imu.cpp.obj) (vex::event::init(unsigned long, unsigned long, void (*)()))
/Applications/VEXcode V5 Text.app/Contents/Resources/sdk/vexv5/libv5rt.a(vex_mevent.cpp.obj)
                              /Applications/VEXcode V5 Text.app/Contents/Resources/sdk/vexv5/libv5rt.a(vex_controller.cpp.obj) (vex::mevent::mevent(unsigned long, unsigned long))
/Applications/VEXcode V5 Text.app/Contents/Resources/sdk/vexv5/libv5rt.a(vex_brain.cpp.obj)
                              build/src/main.o (vex::brain::lcd::setCursor(long, long))
/Applications/VEXcode V5 Text.app/Contents/Resources/sdk/vexv5/libv5rt.a(vex_competition.cpp.obj)
                              build/src/main.o (vex::competition::competition())
/Applications/VEXcode V5 Text.app/Contents/Resources/sdk/vexv5/libv5rt.a(vex_triport.cpp.obj)
                              build/src/main.o (vex::triport::~triport())
/Applications/VEXcode V5 Text.app/Contents/Resources/sdk/vexv5/libv5rt.a(vex_color.cpp.obj)
                              build/src/main.o (vex::color::~color())
/Applications/VEXcode V5 Text.app/Contents/Resources/sdk/vexv5/libv5rt.a(vex_timer.cpp.obj)
                              /Applications/VEXcode V5 Text.app/Contents/Resources/sdk/vexv5/libv5rt.a(vex_brain.cpp.obj) (vex::timer::~timer())
/Applications/VEXcode V5 Text.app/Contents/Resources/sdk/vexv5/libv5rt.a(v5_apiuser.c.obj)
                              /Applications/VEXcode V5 Text.app/Contents/Resources/sdk/vexv5/libv5rt.a(vex_triport.cpp.obj) (vexAdiPortConfigSet)
/Applications/VEXcode V5 Text.app/Contents/Resources/sdk/vexv5/libv5rt.a(vex_device.cpp.obj)
                              /Applications/VEXcode V5 Text.app/Contents/Resources/sdk/vexv5/libv5rt.a(vex_motor.cpp.obj) (vex::device::~device())
/Applications/VEXcode V5 Text.app/Contents/Resources/sdk/vexv5/libv5rt.a(vex_task.cpp.obj)
                              /Applications/VEXcode V5 Text.app/Contents/Resources/sdk/vexv5/libv5rt.a(vex_competition.cpp.obj) (vex::task::task(int (*)()))
/Applications/VEXcode V5 Text.app/Contents/Resources/sdk/vexv5/gcc/libs/libc.a(lib_a-fini.o)
                              /Applications/VEXcode V5 Text.app/Contents/Resources/sdk/vexv5/libv5rt.a(v5_startup.c.obj) (__libc_fini_array)
/Applications/VEXcode V5 Text.app/Contents/Resources/sdk/vexv5/gcc/libs/libc.a(lib_a-impure.o)
                              /Applications/VEXcode V5 Text.app/Contents/Resources/sdk/vexv5/libv5rt.a(v5_startup.c.obj) (_impure_ptr)
/Applications/VEXcode V5 Text.app/Contents/Resources/sdk/vexv5/gcc/libs/libc.a(lib_a-init.o)
                              /Applications/VEXcode V5 Text.app/Contents/Resources/sdk/vexv5/libv5rt.a(v5_startup.c.obj) (__libc_init_array)
/Applications/VEXcode V5 Text.app/Contents/Resources/sdk/vexv5/gcc/libs/libc.a(lib_a-memcpy.o)
                              /Applications/VEXcode V5 Text.app/Contents/Resources/sdk/vexv5/libv5rt.a(vex_imu.cpp.obj) (memcpy)
[...]
Memory Configuration

Name             Origin             Length             Attributes
ps7_ddr_0_S_AXI_BASEADDR 0x0000000003800000 0x0000000004800000
*default*        0x0000000000000000 0xffffffffffffffff

Linker script and memory map

                0x0000000000002000                _STACK_SIZE = DEFINED (_STACK_SIZE)?_STACK_SIZE:0x2000
                0x0000000000100000                _HEAP_SIZE = DEFINED (_HEAP_SIZE)?_HEAP_SIZE:0x100000
                0x0000000000000400                _ABORT_STACK_SIZE = DEFINED (_ABORT_STACK_SIZE)?_ABORT_STACK_SIZE:0x400
                0x0000000000000800                _SUPERVISOR_STACK_SIZE = DEFINED (_SUPERVISOR_STACK_SIZE)?_SUPERVISOR_STACK_SIZE:0x800
                0x0000000000000400                _IRQ_STACK_SIZE = DEFINED (_IRQ_STACK_SIZE)?_IRQ_STACK_SIZE:0x400
                0x0000000000000400                _FIQ_STACK_SIZE = DEFINED (_FIQ_STACK_SIZE)?_FIQ_STACK_SIZE:0x400
                0x0000000000000400                _UNDEF_STACK_SIZE = DEFINED (_UNDEF_STACK_SIZE)?_UNDEF_STACK_SIZE:0x400

.text           0x0000000003800000     0x65d8
 *(.vectors)
 *(.boot_data)
 .boot_data     0x0000000003800000       0x20 /Applications/VEXcode V5 Text.app/Contents/Resources/sdk/vexv5/libv5rt.a(v5_startup.c.obj)
                0x0000000003800000                vexCodeSig
                0x0000000000000020                . = 0x20
 *(.boot)
 .boot          0x0000000003800020       0xbc /Applications/VEXcode V5 Text.app/Contents/Resources/sdk/vexv5/libv5rt.a(v5_startup.c.obj)
                0x0000000003800020                vexStartup
                0x0000000003800100                . = ALIGN (0x40)
 *fill*         0x00000000038000dc       0x24 
 *(.freertos_vectors)
 *(.text)
 *(.text.*)
 .text._Z9driveDistffi
                0x0000000003800100       0xe8 build/src/main.o
                0x0000000003800100                driveDist(float, float, int)
 .text._Z16driveDistRollersfff
                0x00000000038001e8      0x230 build/src/main.o
                0x00000000038001e8                driveDistRollers(float, float, float)
 .text._Z9slowDrivev
                0x0000000003800418       0xf0 build/src/main.o
                0x0000000003800418                slowDrive()
 .text._Z15controllerDrivev
                0x0000000003800508      0x208 build/src/main.o
                0x0000000003800508                controllerDrive()
 .text._Z17shifterStackSpeedv
                0x0000000003800710       0x90 build/src/main.o
                0x0000000003800710                shifterStackSpeed()
 .text._Z9autoStackv
                0x00000000038007a0       0xd0 build/src/main.o
                0x00000000038007a0                autoStack()
 .text._Z10gyroTurnTod
                0x0000000003800870      0x270 build/src/main.o
                0x0000000003800870                gyroTurnTo(double)
 .text._Z10drawHeaderv
                0x0000000003800ae0      0x158 build/src/main.o
                0x0000000003800ae0                drawHeader()
 .text._ZN3vex5brain3lcd5printIfEEvT_
                0x0000000003800c38       0x3c build/src/main.o
                0x0000000003800c38                void vex::brain::lcd::print<float>(float)
 .text._Z12drawMainMenuv
                0x0000000003800c74      0x33c build/src/main.o
                0x0000000003800c74                drawMainMenu()
 .text._Z12drawDebuggerv
                0x0000000003800fb0      0x328 build/src/main.o
                0x0000000003800fb0                drawDebugger()
 .text._Z19drawMainAutonScreenv
                0x00000000038012d8      0x2a4 build/src/main.o
                0x00000000038012d8                drawMainAutonScreen()
 .text._Z19drawBlueAutonScreenv
                0x000000000380157c      0x33c build/src/main.o
                0x000000000380157c                drawBlueAutonScreen()
 .text._Z18drawRedAutonScreenv
                0x00000000038018b8      0x33c build/src/main.o
                0x00000000038018b8                drawRedAutonScreen()
 .text._Z12clearSensorsv
                0x0000000003801bf4       0x90 build/src/main.o
                0x0000000003801bf4                clearSensors()
 .text._Z19drawMotorTempScreenv
                0x0000000003801c84      0x390 build/src/main.o
                0x0000000003801c84                drawMotorTempScreen()
 *fill*         0x0000000003802014        0x4 
 .text._Z9pre_autonv
                0x0000000003802018      0x6b8 build/src/main.o
                0x0000000003802018                pre_auton()
 .text._Z18redUnprotectedSafev
                0x00000000038026d0      0x480 build/src/main.o
                0x00000000038026d0                redUnprotectedSafe()
 .text._Z19blueUnprotectedSafev
                0x0000000003802b50      0x480 build/src/main.o
                0x0000000003802b50                blueUnprotectedSafe()
 .text._Z10autonomousv
                0x0000000003802fd0        0x4 build/src/main.o
                0x0000000003802fd0                autonomous()
 *fill*         0x0000000003802fd4        0x4 
 .text._Z11usercontrolv
                0x0000000003802fd8      0x468 build/src/main.o
                0x0000000003802fd8                usercontrol()
 .text.main     0x0000000003803440       0x34 build/src/main.o
                0x0000000003803440                main
 .text._GLOBAL__sub_I_main.cpp
                0x0000000003803474      0x33c build/src/main.o
 .text._Z11vexcodeInitv
                0x00000000038037b0        0x4 build/src/robot-config.o
                0x00000000038037b0                vexcodeInit()
 .text._GLOBAL__sub_I_robot_config.cpp
                0x00000000038037b4       0x34 build/src/robot-config.o
 .text.vexMain  0x00000000038037e8       0xb0 /Applications/VEXcode V5 Text.app/Contents/Resources/sdk/vexv5/libv5rt.a(v5_startup.c.obj)
                0x00000000038037e8                vexMain
 .text.__vex_function_prolog
                0x0000000003803898       0x18 /Applications/VEXcode V5 Text.app/Contents/Resources/sdk/vexv5/libv5rt.a(v5_startup.c.obj)
                0x0000000003803898                __vex_function_prolog
 .text._init    0x00000000038038b0        0x4 /Applications/VEXcode V5 Text.app/Contents/Resources/sdk/vexv5/libv5rt.a(v5_startup.c.obj)
                0x00000000038038b0                _init
 .text._fini    0x00000000038038b4        0x4 /Applications/VEXcode V5 Text.app/Contents/Resources/sdk/vexv5/libv5rt.a(v5_startup.c.obj)
                0x00000000038038b4                _fini
 .text.vexStdlibVersionLinked
                0x00000000038038b8        0xc /Applications/VEXcode V5 Text.app/Contents/Resources/sdk/vexv5/libv5rt.a(v5_util.c.obj)
                0x00000000038038b8                vexStdlibVersionLinked
 .text.vexStdlibVersionVerify
                0x00000000038038c4       0x30 /Applications/VEXcode V5 Text.app/Contents/Resources/sdk/vexv5/libv5rt.a(v5_util.c.obj)
                0x00000000038038c4                vexStdlibVersionVerify
 .text.vexPrivateApiEnable
                0x00000000038038f4       0x10 /Applications/VEXcode V5 Text.app/Contents/Resources/sdk/vexv5/libv5rt.a(v5_apijump.c.obj)
                0x00000000038038f4                vexPrivateApiEnable
 .text.vexStdlibMismatchError
                0x0000000003803904       0x3c /Applications/VEXcode V5 Text.app/Contents/Resources/sdk/vexv5/libv5rt.a(v5_apijump.c.obj)
                0x0000000003803904                vexStdlibMismatchError
 .text.vexTaskAdd
                0x0000000003803940       0x10 /Applications/VEXcode V5 Text.app/Contents/Resources/sdk/vexv5/libv5rt.a(v5_apijump.c.obj)
                0x0000000003803940                vexTaskAdd
 .text.vexTasksRun
                0x0000000003803950       0x10 /Applications/VEXcode V5 Text.app/Contents/Resources/sdk/vexv5/libv5rt.a(v5_apijump.c.obj)
                0x0000000003803950                vexTasksRun
 .text.vexTaskYield
                0x0000000003803960       0x10 /Applications/VEXcode V5 Text.app/Contents/Resources/sdk/vexv5/libv5rt.a(v5_apijump.c.obj)
                0x0000000003803960                vexTaskYield
 .text.vexTaskCheckTimeslice
                0x0000000003803970       0x10 /Applications/VEXcode V5 Text.app/Contents/Resources/sdk/vexv5/libv5rt.a(v5_apijump.c.obj)
                0x0000000003803970                vexTaskCheckTimeslice
 .text.vexTaskSleep
                0x0000000003803980       0x10 /Applications/VEXcode V5 Text.app/Contents/Resources/sdk/vexv5/libv5rt.a(v5_apijump.c.obj)
                0x0000000003803980                vexTaskSleep
 .text.vexTasksDump
                0x0000000003803990       0x1c /Applications/VEXcode V5 Text.app/Contents/Resources/sdk/vexv5/libv5rt.a(v5_apijump.c.obj)
                0x0000000003803990                vexTasksDump
 .text.vexTaskGetTaskIndex
                0x00000000038039ac       0x10 /Applications/VEXcode V5 Text.app/Contents/Resources/sdk/vexv5/libv5rt.a(v5_apijump.c.obj)
                0x00000000038039ac                vexTaskGetTaskIndex
 .text.vexTaskStopAll
                0x00000000038039bc       0x10 /Applications/VEXcode V5 Text.app/Contents/Resources/sdk/vexv5/libv5rt.a(v5_apijump.c.obj)
                0x00000000038039bc                vexTaskStopAll
 .text.vexTaskRemoveAllUser
                0x00000000038039cc       0x34 /Applications/VEXcode V5 Text.app/Contents/Resources/sdk/vexv5/libv5rt.a(v5_apijump.c.obj)
                0x00000000038039cc                vexTaskRemoveAllUser
 .text.vexTaskCompletionIdSet
                0x0000000003803a00       0x10 /Applications/VEXcode V5 Text.app/Contents/Resources/sdk/vexv5/libv5rt.a(v5_apijump.c.obj)
                0x0000000003803a00                vexTaskCompletionIdSet
 .text.vexTaskStopWithId
                0x0000000003803a10       0x10 /Applications/VEXcode V5 Text.app/Contents/Resources/sdk/vexv5/libv5rt.a(v5_apijump.c.obj)
                0x0000000003803a10                vexTaskStopWithId
 .text.vexCriticalSection
                0x0000000003803a20       0x2c /Applications/VEXcode V5 Text.app/Contents/Resources/sdk/vexv5/libv5rt.a(v5_apijump.c.obj)
                0x0000000003803a20                vexCriticalSection
 .text.vexEventAdd
                0x0000000003803a4c       0x34 /Applications/VEXcode V5 Text.app/Contents/Resources/sdk/vexv5/libv5rt.a(v5_apijump.c.obj)
                0x0000000003803a4c                vexEventAdd
 .text.vexEventUserIndexGet
                0x0000000003803a80       0x1c /Applications/VEXcode V5 Text.app/Contents/Resources/sdk/vexv5/libv5rt.a(v5_apijump.c.obj)
                0x0000000003803a80                vexEventUserIndexGet
 .text.vexEventAddWithArg
                0x0000000003803a9c       0x3c /Applications/VEXcode V5 Text.app/Contents/Resources/sdk/vexv5/libv5rt.a(v5_apijump.c.obj)
                0x0000000003803a9c                vexEventAddWithArg
 .text.vexEventsCleanup
                0x0000000003803ad8       0x2c /Applications/VEXcode V5 Text.app/Contents/Resources/sdk/vexv5/libv5rt.a(v5_apijump.c.obj)
                0x0000000003803ad8                vexEventsCleanup
 .text.vexDebug
                0x0000000003803b04       0x38 /Applications/VEXcode V5 Text.app/Contents/Resources/sdk/vexv5/libv5rt.a(v5_apijump.c.obj)
                0x0000000003803b04                vexDebug
 .text.vex_sprintf
                0x0000000003803b3c       0x40 /Applications/VEXcode V5 Text.app/Contents/Resources/sdk/vexv5/libv5rt.a(v5_apijump.c.obj)
                0x0000000003803b3c                vex_sprintf
 .text.vex_vsnprintf
                0x0000000003803b7c       0x3c /Applications/VEXcode V5 Text.app/Contents/Resources/sdk/vexv5/libv5rt.a(v5_apijump.c.obj)
                0x0000000003803b7c                vex_vsnprintf
 .text.vexSystemTimeGet
                0x0000000003803bb8       0x1c /Applications/VEXcode V5 Text.app/Contents/Resources/sdk/vexv5/libv5rt.a(v5_apijump.c.obj)
                0x0000000003803bb8                vexSystemTimeGet
 .text.vexSystemExitRequest
                0x0000000003803bd4       0x1c /Applications/VEXcode V5 Text.app/Contents/Resources/sdk/vexv5/libv5rt.a(v5_apijump.c.obj)
                0x0000000003803bd4                vexSystemExitRequest
 .text.vexDeviceGetByIndex
                0x0000000003803bf0       0x24 /Applications/VEXcode V5 Text.app/Contents/Resources/sdk/vexv5/libv5rt.a(v5_apijump.c.obj)
                0x0000000003803bf0                vexDeviceGetByIndex
 .text.vexControllerGet
                0x0000000003803c14       0x2c /Applications/VEXcode V5 Text.app/Contents/Resources/sdk/vexv5/libv5rt.a(v5_apijump.c.obj)
                0x0000000003803c14                vexControllerGet
 .text.vexDeviceAdiPortConfigSet
                0x0000000003803c40       0x34 /Applications/VEXcode V5 Text.app/Contents/Resources/sdk/vexv5/libv5rt.a(v5_apijump.c.obj)
                0x0000000003803c40                vexDeviceAdiPortConfigSet
 .text.vexDeviceAdiPortConfigGet
                0x0000000003803c74       0x2c /Applications/VEXcode V5 Text.app/Contents/Resources/sdk/vexv5/libv5rt.a(v5_apijump.c.obj)
                0x0000000003803c74                vexDeviceAdiPortConfigGet
 .text.vexDeviceAdiValueGet
                0x0000000003803ca0       0x2c /Applications/VEXcode V5 Text.app/Contents/Resources/sdk/vexv5/libv5rt.a(v5_apijump.c.obj)
                0x0000000003803ca0                vexDeviceAdiValueGet
 .text.vexDeviceMotorVelocitySet
                0x0000000003803ccc       0x2c /Applications/VEXcode V5 Text.app/Contents/Resources/sdk/vexv5/libv5rt.a(v5_apijump.c.obj)
                0x0000000003803ccc                vexDeviceMotorVelocitySet
 .text.vexDeviceMotorActualVelocityGet
                0x0000000003803cf8       0x24 /Applications/VEXcode V5 Text.app/Contents/Resources/sdk/vexv5/libv5rt.a(v5_apijump.c.obj)
                0x0000000003803cf8                vexDeviceMotorActualVelocityGet
 .text.vexDeviceMotorTemperatureGet
                0x0000000003803d1c       0x24 /Applications/VEXcode V5 Text.app/Contents/Resources/sdk/vexv5/libv5rt.a(v5_apijump.c.obj)
                0x0000000003803d1c                vexDeviceMotorTemperatureGet
 .text.vexDeviceMotorZeroPositionFlagGet
                0x0000000003803d40       0x24 /Applications/VEXcode V5 Text.app/Contents/Resources/sdk/vexv5/libv5rt.a(v5_apijump.c.obj)
                0x0000000003803d40                vexDeviceMotorZeroPositionFlagGet
 .text.vexDeviceMotorReverseFlagSet
                0x0000000003803d64       0x2c /Applications/VEXcode V5 Text.app/Contents/Resources/sdk/vexv5/libv5rt.a(v5_apijump.c.obj)
                0x0000000003803d64                vexDeviceMotorReverseFlagSet
 .text.vexDeviceMotorEncoderUnitsSet
                0x0000000003803d90       0x2c /Applications/VEXcode V5 Text.app/Contents/Resources/sdk/vexv5/libv5rt.a(v5_apijump.c.obj)
                0x0000000003803d90                vexDeviceMotorEncoderUnitsSet
 .text.vexDeviceMotorBrakeModeSet
                0x0000000003803dbc       0x2c /Applications/VEXcode V5 Text.app/Contents/Resources/sdk/vexv5/libv5rt.a(v5_apijump.c.obj)
                0x0000000003803dbc                vexDeviceMotorBrakeModeSet
 .text.vexDeviceMotorPositionSet
                0x0000000003803de8       0x34 /Applications/VEXcode V5 Text.app/Contents/Resources/sdk/vexv5/libv5rt.a(v5_apijump.c.obj)
                0x0000000003803de8                vexDeviceMotorPositionSet
 .text.vexDeviceMotorPositionGet
                0x0000000003803e1c       0x24 /Applications/VEXcode V5 Text.app/Contents/Resources/sdk/vexv5/libv5rt.a(v5_apijump.c.obj)
                0x0000000003803e1c                vexDeviceMotorPositionGet
 .text.vexDeviceMotorRelativeTargetSet
                0x0000000003803e40       0x3c /Applications/VEXcode V5 Text.app/Contents/Resources/sdk/vexv5/libv5rt.a(v5_apijump.c.obj)
                0x0000000003803e40                vexDeviceMotorRelativeTargetSet
 .text.vexDeviceMotorGearingSet
                0x0000000003803e7c       0x2c /Applications/VEXcode V5 Text.app/Contents/Resources/sdk/vexv5/libv5rt.a(v5_apijump.c.obj)
                0x0000000003803e7c                vexDeviceMotorGearingSet
 .text.vexDeviceMotorGearingGet
                0x0000000003803ea8       0x24 /Applications/VEXcode V5 Text.app/Contents/Resources/sdk/vexv5/libv5rt.a(v5_apijump.c.obj)
                0x0000000003803ea8                vexDeviceMotorGearingGet
 .text.vexDeviceImuReset
                0x0000000003803ecc       0x24 /Applications/VEXcode V5 Text.app/Contents/Resources/sdk/vexv5/libv5rt.a(v5_apijump.c.obj)
                0x0000000003803ecc                vexDeviceImuReset
 .text.vexDeviceImuHeadingGet
                0x0000000003803ef0       0x24 /Applications/VEXcode V5 Text.app/Contents/Resources/sdk/vexv5/libv5rt.a(v5_apijump.c.obj)
                0x0000000003803ef0                vexDeviceImuHeadingGet
 .text.vexDeviceImuDegreesGet
                0x0000000003803f14       0x24 /Applications/VEXcode V5 Text.app/Contents/Resources/sdk/vexv5/libv5rt.a(v5_apijump.c.obj)
                0x0000000003803f14                vexDeviceImuDegreesGet
 .text.vexDeviceImuAttitudeGet
                0x0000000003803f38       0x2c /Applications/VEXcode V5 Text.app/Contents/Resources/sdk/vexv5/libv5rt.a(v5_apijump.c.obj)
                0x0000000003803f38                vexDeviceImuAttitudeGet
 .text.vexDeviceImuStatusGet
                0x0000000003803f64       0x24 /Applications/VEXcode V5 Text.app/Contents/Resources/sdk/vexv5/libv5rt.a(v5_apijump.c.obj)
                0x0000000003803f64                vexDeviceImuStatusGet
 .text.vexDisplayForegroundColor
                0x0000000003803f88       0x24 /Applications/VEXcode V5 Text.app/Contents/Resources/sdk/vexv5/libv5rt.a(v5_apijump.c.obj)
                0x0000000003803f88                vexDisplayForegroundColor
 .text.vexDisplayBackgroundColor
                0x0000000003803fac       0x24 /Applications/VEXcode V5 Text.app/Contents/Resources/sdk/vexv5/libv5rt.a(v5_apijump.c.obj)
                0x0000000003803fac                vexDisplayBackgroundColor
 .text.vexDisplayBackgroundColorGet
                0x0000000003803fd0       0x1c /Applications/VEXcode V5 Text.app/Contents/Resources/sdk/vexv5/libv5rt.a(v5_apijump.c.obj)
                0x0000000003803fd0                vexDisplayBackgroundColorGet
 .text.vexDisplayRectDraw
                0x0000000003803fec       0x4c /Applications/VEXcode V5 Text.app/Contents/Resources/sdk/vexv5/libv5rt.a(v5_apijump.c.obj)
                0x0000000003803fec                vexDisplayRectDraw
 .text.vexDisplayRectClear
                0x0000000003804038       0x4c /Applications/VEXcode V5 Text.app/Contents/Resources/sdk/vexv5/libv5rt.a(v5_apijump.c.obj)
                0x0000000003804038                vexDisplayRectClear
 .text.vexDisplayPrintf
                0x0000000003804084       0x68 /Applications/VEXcode V5 Text.app/Contents/Resources/sdk/vexv5/libv5rt.a(v5_apijump.c.obj)
                0x0000000003804084                vexDisplayPrintf
 .text.vexDisplayTextReference
                0x00000000038040ec       0x24 /Applications/VEXcode V5 Text.app/Contents/Resources/sdk/vexv5/libv5rt.a(v5_apijump.c.obj)
                0x00000000038040ec                vexDisplayTextReference
 .text.vexDisplayTextSize
                0x0000000003804110       0x2c /Applications/VEXcode V5 Text.app/Contents/Resources/sdk/vexv5/libv5rt.a(v5_apijump.c.obj)
                0x0000000003804110                vexDisplayTextSize
 .text.vexDisplayFontNamedSet
                0x000000000380413c       0x24 /Applications/VEXcode V5 Text.app/Contents/Resources/sdk/vexv5/libv5rt.a(v5_apijump.c.obj)
                0x000000000380413c                vexDisplayFontNamedSet
 .text.vexDisplayStringWidthGet
                0x0000000003804160       0x24 /Applications/VEXcode V5 Text.app/Contents/Resources/sdk/vexv5/libv5rt.a(v5_apijump.c.obj)
                0x0000000003804160                vexDisplayStringWidthGet
 .text.vexDisplayPenSizeGet
                0x0000000003804184       0x1c /Applications/VEXcode V5 Text.app/Contents/Resources/sdk/vexv5/libv5rt.a(v5_apijump.c.obj)
                0x0000000003804184                vexDisplayPenSizeGet
 .text.vexSystemStdlibImpureDataAddr
                0x00000000038041a0       0x28 /Applications/VEXcode V5 Text.app/Contents/Resources/sdk/vexv5/libv5rt.a(v5_apijump.c.obj)
                0x00000000038041a0                vexSystemStdlibImpureDataAddr
 .text.vexSystemStdlibImpureDataSize
                0x00000000038041c8       0x28 /Applications/VEXcode V5 Text.app/Contents/Resources/sdk/vexv5/libv5rt.a(v5_apijump.c.obj)
                0x00000000038041c8                vexSystemStdlibImpureDataSize
 .text.vexSystemSaveUserData
                0x00000000038041f0       0x3c /Applications/VEXcode V5 Text.app/Contents/Resources/sdk/vexv5/libv5rt.a(v5_apijump.c.obj)
                0x00000000038041f0                vexSystemSaveUserData
 .text.vexTouchDataGet
                0x000000000380422c       0x10 /Applications/VEXcode V5 Text.app/Contents/Resources/sdk/vexv5/libv5rt.a(v5_apijump.c.obj)
                0x000000000380422c                vexTouchDataGet
 .text.vexDisplayThemeIdGet
                0x000000000380423c       0x38 /Applications/VEXcode V5 Text.app/Contents/Resources/sdk/vexv5/libv5rt.a(v5_apijump.c.obj)
                0x000000000380423c                vexDisplayThemeIdGet
 .text.vexDisplayRender
                0x0000000003804274       0x2c /Applications/VEXcode V5 Text.app/Contents/Resources/sdk/vexv5/libv5rt.a(v5_apijump.c.obj)
                0x0000000003804274                vexDisplayRender
 .text.vexBatteryCapacityGet
                0x00000000038042a0       0x1c /Applications/VEXcode V5 Text.app/Contents/Resources/sdk/vexv5/libv5rt.a(v5_apijump.c.obj)
                0x00000000038042a0                vexBatteryCapacityGet
 .text.vexDeviceEventMaskSet
                0x00000000038042bc       0x48 /Applications/VEXcode V5 Text.app/Contents/Resources/sdk/vexv5/libv5rt.a(v5_apijump.c.obj)
                0x00000000038042bc                vexDeviceEventMaskSet
 .text.vexDeviceEventMaskGet
                0x0000000003804304       0x3c /Applications/VEXcode V5 Text.app/Contents/Resources/sdk/vexv5/libv5rt.a(v5_apijump.c.obj)
                0x0000000003804304                vexDeviceEventMaskGet
 .text.vexSystemVersion
                0x0000000003804340       0x10 /Applications/VEXcode V5 Text.app/Contents/Resources/sdk/vexv5/libv5rt.a(v5_apiversions.c.obj)
                0x0000000003804340                vexSystemVersion
 .text.vexStdlibVersion
                0x0000000003804350       0x10 /Applications/VEXcode V5 Text.app/Contents/Resources/sdk/vexv5/libv5rt.a(v5_apiversions.c.obj)
                0x0000000003804350                vexStdlibVersion
 .text._ZN3vex4waitEdNS_9timeUnitsE
                0x0000000003804360       0x30 /Applications/VEXcode V5 Text.app/Contents/Resources/sdk/vexv5/libv5rt.a(vex_global.cpp.obj)
                0x0000000003804360                vex::wait(double, vex::timeUnits)
 .text._ZN3vex5motorD2Ev
                0x0000000003804390       0x20 /Applications/VEXcode V5 Text.app/Contents/Resources/sdk/vexv5/libv5rt.a(vex_motor.cpp.obj)
                0x0000000003804390                vex::motor::~motor()
                0x0000000003804390                vex::motor::~motor()
 .text._ZN3vex5motorD0Ev
                0x00000000038043b0       0x1c /Applications/VEXcode V5 Text.app/Contents/Resources/sdk/vexv5/libv5rt.a(vex_motor.cpp.obj)
                0x00000000038043b0                vex::motor::~motor()
 .text._ZN3vex5motor9installedEv
                0x00000000038043cc       0x18 /Applications/VEXcode V5 Text.app/Contents/Resources/sdk/vexv5/libv5rt.a(vex_motor.cpp.obj)
                0x00000000038043cc                vex::motor::installed()
 .text._ZN3vex5motor15defaultStoppingENS_9brakeTypeE
                0x00000000038043e4       0x30 /Applications/VEXcode V5 Text.app/Contents/Resources/sdk/vexv5/libv5rt.a(vex_motor.cpp.obj)
                0x00000000038043e4                vex::motor::defaultStopping(vex::brakeType)
 .text._ZN3vex5motor8setBrakeENS_9brakeTypeE
                0x0000000003804414        0x4 /Applications/VEXcode V5 Text.app/Contents/Resources/sdk/vexv5/libv5rt.a(vex_motor.cpp.obj)
                0x0000000003804414                vex::motor::setBrake(vex::brakeType)
 .text._ZN3vex5motorC2El
                0x0000000003804418       0x78 /Applications/VEXcode V5 Text.app/Contents/Resources/sdk/vexv5/libv5rt.a(vex_motor.cpp.obj)
                0x0000000003804418                vex::motor::motor(long)
                0x0000000003804418                vex::motor::motor(long)
 .text._ZN3vex5motorC2ElNS_11gearSettingEb
                0x0000000003804490       0x34 /Applications/VEXcode V5 Text.app/Contents/Resources/sdk/vexv5/libv5rt.a(vex_motor.cpp.obj)
                0x0000000003804490                vex::motor::motor(long, vex::gearSetting, bool)
                0x0000000003804490                vex::motor::motor(long, vex::gearSetting, bool)
 .text._ZN3vex5motor10isSpinningEv
                0x00000000038044c4       0x38 /Applications/VEXcode V5 Text.app/Contents/Resources/sdk/vexv5/libv5rt.a(vex_motor.cpp.obj)
                0x00000000038044c4                vex::motor::isSpinning()
 .text._ZN3vex5motor6isDoneEv
                0x00000000038044fc       0x14 /Applications/VEXcode V5 Text.app/Contents/Resources/sdk/vexv5/libv5rt.a(vex_motor.cpp.obj)
                0x00000000038044fc                vex::motor::isDone()
 .text._ZN3vex5motor4stopENS_9brakeTypeE
                0x0000000003804510       0x30 /Applications/VEXcode V5 Text.app/Contents/Resources/sdk/vexv5/libv5rt.a(vex_motor.cpp.obj)
                0x0000000003804510                vex::motor::stop(vex::brakeType)
 .text._ZN3vex5motor4stopEv
                0x0000000003804540        0x8 /Applications/VEXcode V5 Text.app/Contents/Resources/sdk/vexv5/libv5rt.a(vex_motor.cpp.obj)
                0x0000000003804540                vex::motor::stop()
 .text._ZN3vex5motor11temperatureENS_16temperatureUnitsE
                0x0000000003804548       0x40 /Applications/VEXcode V5 Text.app/Contents/Resources/sdk/vexv5/libv5rt.a(vex_motor.cpp.obj)
                0x0000000003804548                vex::motor::temperature(vex::temperatureUnits)
 .text._ZN3vex5motor16velocityToScaledEdNS_13velocityUnitsE
                0x0000000003804588       0x5c /Applications/VEXcode V5 Text.app/Contents/Resources/sdk/vexv5/libv5rt.a(vex_motor.cpp.obj)
                0x0000000003804588                vex::motor::velocityToScaled(double, vex::velocityUnits)
 .text._ZN3vex5motor8velocityENS_13velocityUnitsE
                0x00000000038045e4       0x30 /Applications/VEXcode V5 Text.app/Contents/Resources/sdk/vexv5/libv5rt.a(vex_motor.cpp.obj)
                0x00000000038045e4                vex::motor::velocity(vex::velocityUnits)
 .text._ZN3vex5motor5valueEv
                0x0000000003804614       0x1c /Applications/VEXcode V5 Text.app/Contents/Resources/sdk/vexv5/libv5rt.a(vex_motor.cpp.obj)
                0x0000000003804614                vex::motor::value()
 .text._ZN3vex5motor16scaledToVelocityEdNS_13velocityUnitsE
                0x0000000003804630       0xa4 /Applications/VEXcode V5 Text.app/Contents/Resources/sdk/vexv5/libv5rt.a(vex_motor.cpp.obj)
                0x0000000003804630                vex::motor::scaledToVelocity(double, vex::velocityUnits)
 .text._ZN3vex5motor4spinENS_13directionTypeEdNS_13velocityUnitsE
                0x00000000038046d4       0x5c /Applications/VEXcode V5 Text.app/Contents/Resources/sdk/vexv5/libv5rt.a(vex_motor.cpp.obj)
                0x00000000038046d4                vex::motor::spin(vex::directionType, double, vex::velocityUnits)
 .text._ZN3vex5motor4spinENS_13directionTypeE
                0x0000000003804730       0x28 /Applications/VEXcode V5 Text.app/Contents/Resources/sdk/vexv5/libv5rt.a(vex_motor.cpp.obj)
                0x0000000003804730                vex::motor::spin(vex::directionType)
 .text._ZN3vex5motor16setRotationUnitsENS_13rotationUnitsE
                0x0000000003804758       0x1c /Applications/VEXcode V5 Text.app/Contents/Resources/sdk/vexv5/libv5rt.a(vex_motor.cpp.obj)
                0x0000000003804758                vex::motor::setRotationUnits(vex::rotationUnits)
 .text._ZN3vex5motor11setRotationEdNS_13rotationUnitsE
                0x0000000003804774       0x44 /Applications/VEXcode V5 Text.app/Contents/Resources/sdk/vexv5/libv5rt.a(vex_motor.cpp.obj)
                0x0000000003804774                vex::motor::setRotation(double, vex::rotationUnits)
 .text._ZN3vex5motor13resetPositionEv
                0x00000000038047b8       0x20 /Applications/VEXcode V5 Text.app/Contents/Resources/sdk/vexv5/libv5rt.a(vex_motor.cpp.obj)
                0x00000000038047b8                vex::motor::resetPosition()
 .text._ZN3vex5motor9rotateForEdNS_13rotationUnitsEdNS_13velocityUnitsEb
                0x00000000038047d8       0xe0 /Applications/VEXcode V5 Text.app/Contents/Resources/sdk/vexv5/libv5rt.a(vex_motor.cpp.obj)
                0x00000000038047d8                vex::motor::rotateFor(double, vex::rotationUnits, double, vex::velocityUnits, bool)
 .text._ZN3vex5motor8rotationENS_13rotationUnitsE
                0x00000000038048b8       0x44 /Applications/VEXcode V5 Text.app/Contents/Resources/sdk/vexv5/libv5rt.a(vex_motor.cpp.obj)
                0x00000000038048b8                vex::motor::rotation(vex::rotationUnits)
 .text._ZN3vex5motor8positionENS_13rotationUnitsE
                0x00000000038048fc        0x4 /Applications/VEXcode V5 Text.app/Contents/Resources/sdk/vexv5/libv5rt.a(vex_motor.cpp.obj)
                0x00000000038048fc                vex::motor::position(vex::rotationUnits)
 .text._ZN3vex8inertial10setHeadingEdNS_13rotationUnitsE
                0x0000000003804900       0x60 /Applications/VEXcode V5 Text.app/Contents/Resources/sdk/vexv5/libv5rt.a(vex_imu.cpp.obj)
                0x0000000003804900                vex::inertial::setHeading(double, vex::rotationUnits)
 .text._ZThn16_N3vex8inertial10setHeadingEdNS_13rotationUnitsE
                0x0000000003804960        0x8 /Applications/VEXcode V5 Text.app/Contents/Resources/sdk/vexv5/libv5rt.a(vex_imu.cpp.obj)
                0x0000000003804960                non-virtual thunk to vex::inertial::setHeading(double, vex::rotationUnits)
 .text._ZN3vex8inertial11setRotationEdNS_13rotationUnitsE
                0x0000000003804968       0x60 /Applications/VEXcode V5 Text.app/Contents/Resources/sdk/vexv5/libv5rt.a(vex_imu.cpp.obj)
                0x0000000003804968                vex::inertial::setRotation(double, vex::rotationUnits)
 .text._ZThn16_N3vex8inertial11setRotationEdNS_13rotationUnitsE
                0x00000000038049c8        0x8 /Applications/VEXcode V5 Text.app/Contents/Resources/sdk/vexv5/libv5rt.a(vex_imu.cpp.obj)
                0x00000000038049c8                non-virtual thunk to vex::inertial::setRotation(double, vex::rotationUnits)
 .text._ZN3vex8inertialD2Ev
                0x00000000038049d0       0x20 /Applications/VEXcode V5 Text.app/Contents/Resources/sdk/vexv5/libv5rt.a(vex_imu.cpp.obj)
                0x00000000038049d0                vex::inertial::~inertial()
                0x00000000038049d0                vex::inertial::~inertial()
 .text._ZThn16_N3vex8inertialD1Ev
                0x00000000038049f0        0x8 /Applications/VEXcode V5 Text.app/Contents/Resources/sdk/vexv5/libv5rt.a(vex_imu.cpp.obj)
                0x00000000038049f0                non-virtual thunk to vex::inertial::~inertial()
 .text._ZN3vex8inertialD0Ev
                0x00000000038049f8       0x1c /Applications/VEXcode V5 Text.app/Contents/Resources/sdk/vexv5/libv5rt.a(vex_imu.cpp.obj)
                0x00000000038049f8                vex::inertial::~inertial()
 .text._ZThn16_N3vex8inertialD0Ev
                0x0000000003804a14        0x8 /Applications/VEXcode V5 Text.app/Contents/Resources/sdk/vexv5/libv5rt.a(vex_imu.cpp.obj)
                0x0000000003804a14                non-virtual thunk to vex::inertial::~inertial()
 .text._ZN3vex8inertial9installedEv
                0x0000000003804a1c       0x18 /Applications/VEXcode V5 Text.app/Contents/Resources/sdk/vexv5/libv5rt.a(vex_imu.cpp.obj)
                0x0000000003804a1c                vex::inertial::installed()
 .text._ZN3vex8inertial5angleENS_13rotationUnitsE
                0x0000000003804a34       0x60 /Applications/VEXcode V5 Text.app/Contents/Resources/sdk/vexv5/libv5rt.a(vex_imu.cpp.obj)
                0x0000000003804a34                vex::inertial::angle(vex::rotationUnits)
 .text._ZThn16_N3vex8inertial5angleENS_13rotationUnitsE
                0x0000000003804a94        0x8 /Applications/VEXcode V5 Text.app/Contents/Resources/sdk/vexv5/libv5rt.a(vex_imu.cpp.obj)
                0x0000000003804a94                non-virtual thunk to vex::inertial::angle(vex::rotationUnits)
 .text._ZN3vex8inertial7headingENS_13rotationUnitsE
                0x0000000003804a9c        0x4 /Applications/VEXcode V5 Text.app/Contents/Resources/sdk/vexv5/libv5rt.a(vex_imu.cpp.obj)
                0x0000000003804a9c                vex::inertial::heading(vex::rotationUnits)
 .text._ZThn16_N3vex8inertial7headingENS_13rotationUnitsE
                0x0000000003804aa0        0x8 /Applications/VEXcode V5 Text.app/Contents/Resources/sdk/vexv5/libv5rt.a(vex_imu.cpp.obj)
                0x0000000003804aa0                non-virtual thunk to vex::inertial::heading(vex::rotationUnits)
 .text._ZN3vex8inertial5valueEv
                0x0000000003804aa8       0x1c /Applications/VEXcode V5 Text.app/Contents/Resources/sdk/vexv5/libv5rt.a(vex_imu.cpp.obj)
                0x0000000003804aa8                vex::inertial::value()
 *fill*         0x0000000003804ac4        0x4 
 .text._ZN3vex8inertial8rotationENS_13rotationUnitsE
                0x0000000003804ac8       0x40 /Applications/VEXcode V5 Text.app/Contents/Resources/sdk/vexv5/libv5rt.a(vex_imu.cpp.obj)
                0x0000000003804ac8                vex::inertial::rotation(vex::rotationUnits)
 .text._ZThn16_N3vex8inertial8rotationENS_13rotationUnitsE
                0x0000000003804b08        0x8 /Applications/VEXcode V5 Text.app/Contents/Resources/sdk/vexv5/libv5rt.a(vex_imu.cpp.obj)
                0x0000000003804b08                non-virtual thunk to vex::inertial::rotation(vex::rotationUnits)
 .text._ZN3vex8inertial13isCalibratingEv
                0x0000000003804b10       0x38 /Applications/VEXcode V5 Text.app/Contents/Resources/sdk/vexv5/libv5rt.a(vex_imu.cpp.obj)
                0x0000000003804b10                vex::inertial::isCalibrating()
 .text._ZThn16_N3vex8inertial13isCalibratingEv
                0x0000000003804b48        0x8 /Applications/VEXcode V5 Text.app/Contents/Resources/sdk/vexv5/libv5rt.a(vex_imu.cpp.obj)
                0x0000000003804b48                non-virtual thunk to vex::inertial::isCalibrating()
 .text._ZN3vex8inertialC2El
                0x0000000003804b50       0x48 /Applications/VEXcode V5 Text.app/Contents/Resources/sdk/vexv5/libv5rt.a(vex_imu.cpp.obj)
                0x0000000003804b50                vex::inertial::inertial(long)
                0x0000000003804b50                vex::inertial::inertial(long)
 .text._ZN3vex8inertial3yawENS_13rotationUnitsE
                0x0000000003804b98       0x40 /Applications/VEXcode V5 Text.app/Contents/Resources/sdk/vexv5/libv5rt.a(vex_imu.cpp.obj)
                0x0000000003804b98                vex::inertial::yaw(vex::rotationUnits)
 .text._ZN3vex8inertial16startCalibrationEl
                0x0000000003804bd8       0x20 /Applications/VEXcode V5 Text.app/Contents/Resources/sdk/vexv5/libv5rt.a(vex_imu.cpp.obj)
                0x0000000003804bd8                vex::inertial::startCalibration(long)
 .text._ZN3vex8inertial9calibrateEl
                0x0000000003804bf8        0xc /Applications/VEXcode V5 Text.app/Contents/Resources/sdk/vexv5/libv5rt.a(vex_imu.cpp.obj)
                0x0000000003804bf8                vex::inertial::calibrate(long)
                0x0000000003804bfc                non-virtual thunk to vex::inertial::calibrate(long)
 .text._ZN3vex10controllerD2Ev
                0x0000000003804c04        0x4 /Applications/VEXcode V5 Text.app/Contents/Resources/sdk/vexv5/libv5rt.a(vex_controller.cpp.obj)
                0x0000000003804c04                vex::controller::~controller()
                0x0000000003804c04                vex::controller::~controller()
 .text._ZN3vex10controller5valueE19_V5_ControllerIndex
                0x0000000003804c08        0x8 /Applications/VEXcode V5 Text.app/Contents/Resources/sdk/vexv5/libv5rt.a(vex_controller.cpp.obj)
                0x0000000003804c08                vex::controller::value(_V5_ControllerIndex)
 .text._ZN3vex10controller6button8pressingEv
                0x0000000003804c10       0xc8 /Applications/VEXcode V5 Text.app/Contents/Resources/sdk/vexv5/libv5rt.a(vex_controller.cpp.obj)
                0x0000000003804c10                vex::controller::button::pressing()
 .text._ZN3vex10controller6button21_buttonToPressedEventEv
                0x0000000003804cd8       0x20 /Applications/VEXcode V5 Text.app/Contents/Resources/sdk/vexv5/libv5rt.a(vex_controller.cpp.obj)
                0x0000000003804cd8                vex::controller::button::_buttonToPressedEvent()
 .text._ZN3vex10controller6button22_buttonToReleasedEventEv
                0x0000000003804cf8       0x20 /Applications/VEXcode V5 Text.app/Contents/Resources/sdk/vexv5/libv5rt.a(vex_controller.cpp.obj)
                0x0000000003804cf8                vex::controller::button::_buttonToReleasedEvent()
 .text._ZN3vex10controller6buttonC2ENS0_11tButtonTypeEPS0_
                0x0000000003804d18       0x48 /Applications/VEXcode V5 Text.app/Contents/Resources/sdk/vexv5/libv5rt.a(vex_controller.cpp.obj)
                0x0000000003804d18                vex::controller::button::button(vex::controller::tButtonType, vex::controller*)
                0x0000000003804d18                vex::controller::button::button(vex::controller::tButtonType, vex::controller*)
 .text._ZN3vex10controller4axis5valueEv
                0x0000000003804d60       0x58 /Applications/VEXcode V5 Text.app/Contents/Resources/sdk/vexv5/libv5rt.a(vex_controller.cpp.obj)
                0x0000000003804d60                vex::controller::axis::value()
 .text._ZN3vex10controller4axis23_joystickToChangedEventEv
                0x0000000003804db8       0x20 /Applications/VEXcode V5 Text.app/Contents/Resources/sdk/vexv5/libv5rt.a(vex_controller.cpp.obj)
                0x0000000003804db8                vex::controller::axis::_joystickToChangedEvent()
 .text._ZN3vex10controller4axisC2ENS0_9tAxisTypeEPS0_
                0x0000000003804dd8       0x2c /Applications/VEXcode V5 Text.app/Contents/Resources/sdk/vexv5/libv5rt.a(vex_controller.cpp.obj)
                0x0000000003804dd8                vex::controller::axis::axis(vex::controller::tAxisType, vex::controller*)
                0x0000000003804dd8                vex::controller::axis::axis(vex::controller::tAxisType, vex::controller*)
 .text._ZN3vex10controllerC2ENS_14controllerTypeE
                0x0000000003804e04      0x204 /Applications/VEXcode V5 Text.app/Contents/Resources/sdk/vexv5/libv5rt.a(vex_controller.cpp.obj)
                0x0000000003804e04                vex::controller::controller(vex::controllerType)
                0x0000000003804e04                vex::controller::controller(vex::controllerType)
 .text._ZN3vex11this_thread9sleep_forEm
                0x0000000003805008        0x4 /Applications/VEXcode V5 Text.app/Contents/Resources/sdk/vexv5/libv5rt.a(vex_thread.cpp.obj)
                0x0000000003805008                vex::this_thread::sleep_for(unsigned long)
 .text._ZN3vex5event4initEmmPFvvE
                0x000000000380500c        0x4 /Applications/VEXcode V5 Text.app/Contents/Resources/sdk/vexv5/libv5rt.a(vex_event.cpp.obj)
                0x000000000380500c                vex::event::init(unsigned long, unsigned long, void (*)())
 .text._ZN3vex5event4initEmmPFvPvES1_
                0x0000000003805010        0x4 /Applications/VEXcode V5 Text.app/Contents/Resources/sdk/vexv5/libv5rt.a(vex_event.cpp.obj)
                0x0000000003805010                vex::event::init(unsigned long, unsigned long, void (*)(void*), void*)
 .text._ZN3vex5event9userindexEv
                0x0000000003805014        0x4 /Applications/VEXcode V5 Text.app/Contents/Resources/sdk/vexv5/libv5rt.a(vex_event.cpp.obj)
                0x0000000003805014                vex::event::userindex()
 .text._ZZN3vex6meventC4EmmENUlvE_4_FUNEv
                0x0000000003805018        0x4 /Applications/VEXcode V5 Text.app/Contents/Resources/sdk/vexv5/libv5rt.a(vex_mevent.cpp.obj)
 .text._ZN3vex6meventC2Emm
                0x000000000380501c       0x70 /Applications/VEXcode V5 Text.app/Contents/Resources/sdk/vexv5/libv5rt.a(vex_mevent.cpp.obj)
                0x000000000380501c                vex::mevent::mevent(unsigned long, unsigned long)
                0x000000000380501c                vex::mevent::mevent(unsigned long, unsigned long)
 .text._ZN3vex5brain9_getIndexEv
                0x000000000380508c       0x10 /Applications/VEXcode V5 Text.app/Contents/Resources/sdk/vexv5/libv5rt.a(vex_brain.cpp.obj)
                0x000000000380508c                vex::brain::_getIndex()
 .text._ZN3vex5brain3lcd9setCursorEll
                0x000000000380509c       0x44 /Applications/VEXcode V5 Text.app/Contents/Resources/sdk/vexv5/libv5rt.a(vex_brain.cpp.obj)
                0x000000000380509c                vex::brain::lcd::setCursor(long, long)
 .text._ZN3vex5brain3lcd7setFontENS_8fontTypeE
                0x00000000038050e0      0x23c /Applications/VEXcode V5 Text.app/Contents/Resources/sdk/vexv5/libv5rt.a(vex_brain.cpp.obj)
                0x00000000038050e0                vex::brain::lcd::setFont(vex::fontType)
 .text._ZN3vex5brain3lcdC2Ev
                0x000000000380531c       0x94 /Applications/VEXcode V5 Text.app/Contents/Resources/sdk/vexv5/libv5rt.a(vex_brain.cpp.obj)
                0x000000000380531c                vex::brain::lcd::lcd()
                0x000000000380531c                vex::brain::lcd::lcd()
 .text._ZN3vex5brainC2Ev
                0x00000000038053b0       0x38 /Applications/VEXcode V5 Text.app/Contents/Resources/sdk/vexv5/libv5rt.a(vex_brain.cpp.obj)
                0x00000000038053b0                vex::brain::brain()
                0x00000000038053b0                vex::brain::brain()
 .text._ZN3vex5brain3lcd11setPenColorERKNS_5colorE
                0x00000000038053e8       0x14 /Applications/VEXcode V5 Text.app/Contents/Resources/sdk/vexv5/libv5rt.a(vex_brain.cpp.obj)
                0x00000000038053e8                vex::brain::lcd::setPenColor(vex::color const&)
 .text._ZN3vex5brain3lcd12setFillColorERKNS_5colorE
                0x00000000038053fc       0x38 /Applications/VEXcode V5 Text.app/Contents/Resources/sdk/vexv5/libv5rt.a(vex_brain.cpp.obj)
                0x00000000038053fc                vex::brain::lcd::setFillColor(vex::color const&)
 .text._ZN3vex5brain3lcd7printAtEllPKcz
                0x0000000003805434       0x6c /Applications/VEXcode V5 Text.app/Contents/Resources/sdk/vexv5/libv5rt.a(vex_brain.cpp.obj)
                0x0000000003805434                vex::brain::lcd::printAt(long, long, char const*, ...)
 .text._ZN3vex5brain3lcd12_clearScreenEm
                0x00000000038054a0       0x38 /Applications/VEXcode V5 Text.app/Contents/Resources/sdk/vexv5/libv5rt.a(vex_brain.cpp.obj)
                0x00000000038054a0                vex::brain::lcd::_clearScreen(unsigned long)
 .text._ZN3vex5brain3lcd11clearScreenERKNS_5colorE
                0x00000000038054d8       0x20 /Applications/VEXcode V5 Text.app/Contents/Resources/sdk/vexv5/libv5rt.a(vex_brain.cpp.obj)
                0x00000000038054d8                vex::brain::lcd::clearScreen(vex::color const&)
 .text._ZN3vex5brain3lcd11clearScreenEv
                0x00000000038054f8       0x2c /Applications/VEXcode V5 Text.app/Contents/Resources/sdk/vexv5/libv5rt.a(vex_brain.cpp.obj)
                0x00000000038054f8                vex::brain::lcd::clearScreen()
 .text._ZN3vex5brain3lcd13drawRectangleEiiii
                0x0000000003805524       0xdc /Applications/VEXcode V5 Text.app/Contents/Resources/sdk/vexv5/libv5rt.a(vex_brain.cpp.obj)
                0x0000000003805524                vex::brain::lcd::drawRectangle(int, int, int, int)
 .text._ZN3vex5brain3lcd14_drawRectangleEiiiim
                0x0000000003805600       0x74 /Applications/VEXcode V5 Text.app/Contents/Resources/sdk/vexv5/libv5rt.a(vex_brain.cpp.obj)
                0x0000000003805600                vex::brain::lcd::_drawRectangle(int, int, int, int, unsigned long)
 .text._ZN3vex5brain3lcd13drawRectangleEiiiiRKNS_5colorE
                0x0000000003805674       0x68 /Applications/VEXcode V5 Text.app/Contents/Resources/sdk/vexv5/libv5rt.a(vex_brain.cpp.obj)
                0x0000000003805674                vex::brain::lcd::drawRectangle(int, int, int, int, vex::color const&)
 .text._ZN3vex5brain3lcd9xPositionEv
                0x00000000038056dc       0x24 /Applications/VEXcode V5 Text.app/Contents/Resources/sdk/vexv5/libv5rt.a(vex_brain.cpp.obj)
                0x00000000038056dc                vex::brain::lcd::xPosition()
 .text._ZN3vex5brain3lcd9yPositionEv
                0x0000000003805700       0x24 /Applications/VEXcode V5 Text.app/Contents/Resources/sdk/vexv5/libv5rt.a(vex_brain.cpp.obj)
                0x0000000003805700                vex::brain::lcd::yPosition()
 .text._ZN3vex5brain3lcd8pressingEv
                0x0000000003805724       0x20 /Applications/VEXcode V5 Text.app/Contents/Resources/sdk/vexv5/libv5rt.a(vex_brain.cpp.obj)
                0x0000000003805724                vex::brain::lcd::pressing()
 .text._ZN3vex5brain3lcd6renderEv
                0x0000000003805744        0xc /Applications/VEXcode V5 Text.app/Contents/Resources/sdk/vexv5/libv5rt.a(vex_brain.cpp.obj)
                0x0000000003805744                vex::brain::lcd::render()
 .text._ZN3vex5brain3lcd6renderEbb
                0x0000000003805750        0xc /Applications/VEXcode V5 Text.app/Contents/Resources/sdk/vexv5/libv5rt.a(vex_brain.cpp.obj)
                0x0000000003805750                vex::brain::lcd::render(bool, bool)
 .text._ZN3vex5brain3lcd10rowToPixelEl
                0x000000000380575c       0x34 /Applications/VEXcode V5 Text.app/Contents/Resources/sdk/vexv5/libv5rt.a(vex_brain.cpp.obj)
                0x000000000380575c                vex::brain::lcd::rowToPixel(long)
 .text._ZN3vex5brain3lcd10colToPixelEl
                0x0000000003805790       0x1c /Applications/VEXcode V5 Text.app/Contents/Resources/sdk/vexv5/libv5rt.a(vex_brain.cpp.obj)
                0x0000000003805790                vex::brain::lcd::colToPixel(long)
 .text._ZN3vex5brain3lcd5printEPKcz
                0x00000000038057ac       0xa0 /Applications/VEXcode V5 Text.app/Contents/Resources/sdk/vexv5/libv5rt.a(vex_brain.cpp.obj)
                0x00000000038057ac                vex::brain::lcd::print(char const*, ...)
 .text._ZN3vex5brain7battery8capacityENS_12percentUnitsE
                0x000000000380584c       0x18 /Applications/VEXcode V5 Text.app/Contents/Resources/sdk/vexv5/libv5rt.a(vex_brain.cpp.obj)
                0x000000000380584c                vex::brain::battery::capacity(vex::percentUnits)
 .text._ZN3vex5brainD2Ev
                0x0000000003805864       0x20 /Applications/VEXcode V5 Text.app/Contents/Resources/sdk/vexv5/libv5rt.a(vex_brain.cpp.obj)
                0x0000000003805864                vex::brain::~brain()
                0x0000000003805864                vex::brain::~brain()
 .text._ZN3vex11competition11_autonomousEv
                0x0000000003805884       0x90 /Applications/VEXcode V5 Text.app/Contents/Resources/sdk/vexv5/libv5rt.a(vex_competition.cpp.obj)
                0x0000000003805884                vex::competition::_autonomous()
 .text._ZN3vex11competition14_drivercontrolEv
                0x0000000003805914       0x90 /Applications/VEXcode V5 Text.app/Contents/Resources/sdk/vexv5/libv5rt.a(vex_competition.cpp.obj)
                0x0000000003805914                vex::competition::_drivercontrol()
 .text._ZN3vex11competition8_disableEPv
                0x00000000038059a4       0xc8 /Applications/VEXcode V5 Text.app/Contents/Resources/sdk/vexv5/libv5rt.a(vex_competition.cpp.obj)
                0x00000000038059a4                vex::competition::_disable(void*)
 .text._ZN3vex11competitionC2Ev
                0x0000000003805a6c      0x13c /Applications/VEXcode V5 Text.app/Contents/Resources/sdk/vexv5/libv5rt.a(vex_competition.cpp.obj)
                0x0000000003805a6c                vex::competition::competition()
                0x0000000003805a6c                vex::competition::competition()
 .text._ZN3vex11competitionD2Ev
                0x0000000003805ba8        0x4 /Applications/VEXcode V5 Text.app/Contents/Resources/sdk/vexv5/libv5rt.a(vex_competition.cpp.obj)
                0x0000000003805ba8                vex::competition::~competition()
                0x0000000003805ba8                vex::competition::~competition()
 .text._ZN3vex11competition10autonomousEPFvvE
                0x0000000003805bac       0x44 /Applications/VEXcode V5 Text.app/Contents/Resources/sdk/vexv5/libv5rt.a(vex_competition.cpp.obj)
                0x0000000003805bac                vex::competition::autonomous(void (*)())
 .text._ZN3vex11competition13drivercontrolEPFvvE
                0x0000000003805bf0       0x44 /Applications/VEXcode V5 Text.app/Contents/Resources/sdk/vexv5/libv5rt.a(vex_competition.cpp.obj)
                0x0000000003805bf0                vex::competition::drivercontrol(void (*)())
 .text._ZN3vex7triportD2Ev
                0x0000000003805c34       0x38 /Applications/VEXcode V5 Text.app/Contents/Resources/sdk/vexv5/libv5rt.a(vex_triport.cpp.obj)
                0x0000000003805c34                vex::triport::~triport()
                0x0000000003805c34                vex::triport::~triport()
 .text._ZN3vex7triportD0Ev
                0x0000000003805c6c       0x1c /Applications/VEXcode V5 Text.app/Contents/Resources/sdk/vexv5/libv5rt.a(vex_triport.cpp.obj)
                0x0000000003805c6c                vex::triport::~triport()
 .text._ZN3vex7triport9installedEv
                0x0000000003805c88       0x18 /Applications/VEXcode V5 Text.app/Contents/Resources/sdk/vexv5/libv5rt.a(vex_triport.cpp.obj)
                0x0000000003805c88                vex::triport::installed()
 .text._ZN3vex7triport4portC2ElPS0_
                0x0000000003805ca0       0x74 /Applications/VEXcode V5 Text.app/Contents/Resources/sdk/vexv5/libv5rt.a(vex_triport.cpp.obj)
                0x0000000003805ca0                vex::triport::port::port(long, vex::triport*)
                0x0000000003805ca0                vex::triport::port::port(long, vex::triport*)
 .text._ZN3vex7triportC2El
                0x0000000003805d14       0xf0 /Applications/VEXcode V5 Text.app/Contents/Resources/sdk/vexv5/libv5rt.a(vex_triport.cpp.obj)
                0x0000000003805d14                vex::triport::triport(long)
                0x0000000003805d14                vex::triport::triport(long)
 .text._ZN3vex7triport4port4typeENS_11triportTypeE
                0x0000000003805e04       0x30 /Applications/VEXcode V5 Text.app/Contents/Resources/sdk/vexv5/libv5rt.a(vex_triport.cpp.obj)
                0x0000000003805e04                vex::triport::port::type(vex::triportType)
 .text._ZN3vex7triport4port4typeEv
                0x0000000003805e34       0x38 /Applications/VEXcode V5 Text.app/Contents/Resources/sdk/vexv5/libv5rt.a(vex_triport.cpp.obj)
                0x0000000003805e34                vex::triport::port::type()
 .text._ZN3vex7triport4port5valueEv
                0x0000000003805e6c       0x14 /Applications/VEXcode V5 Text.app/Contents/Resources/sdk/vexv5/libv5rt.a(vex_triport.cpp.obj)
                0x0000000003805e6c                vex::triport::port::value()
 .text._ZN3vex7triport4port14_convertAnalogENS_11analogUnitsE
                0x0000000003805e80       0x58 /Applications/VEXcode V5 Text.app/Contents/Resources/sdk/vexv5/libv5rt.a(vex_triport.cpp.obj)
                0x0000000003805e80                vex::triport::port::_convertAnalog(vex::analogUnits)
 .text._ZN3vex11__trideviceC2ERNS_7triport4portENS_11triportTypeE
                0x0000000003805ed8       0x5c /Applications/VEXcode V5 Text.app/Contents/Resources/sdk/vexv5/libv5rt.a(vex_triport.cpp.obj)
                0x0000000003805ed8                vex::__tridevice::__tridevice(vex::triport::port&, vex::triportType)
                0x0000000003805ed8                vex::__tridevice::__tridevice(vex::triport::port&, vex::triportType)
 .text._ZN3vex11__tridevice14_convertAnalogENS_11analogUnitsE
                0x0000000003805f34        0x8 /Applications/VEXcode V5 Text.app/Contents/Resources/sdk/vexv5/libv5rt.a(vex_triport.cpp.obj)
                0x0000000003805f34                vex::__tridevice::_convertAnalog(vex::analogUnits)
 .text._ZN3vex3potC2ERNS_7triport4portE
                0x0000000003805f3c       0x20 /Applications/VEXcode V5 Text.app/Contents/Resources/sdk/vexv5/libv5rt.a(vex_triport.cpp.obj)
                0x0000000003805f3c                vex::pot::pot(vex::triport::port&)
                0x0000000003805f3c                vex::pot::pot(vex::triport::port&)
 .text._ZN3vex3potD2Ev
                0x0000000003805f5c        0x4 /Applications/VEXcode V5 Text.app/Contents/Resources/sdk/vexv5/libv5rt.a(vex_triport.cpp.obj)
                0x0000000003805f5c                vex::pot::~pot()
                0x0000000003805f5c                vex::pot::~pot()
 .text._ZN3vex3pot5valueENS_11analogUnitsE
                0x0000000003805f60        0x4 /Applications/VEXcode V5 Text.app/Contents/Resources/sdk/vexv5/libv5rt.a(vex_triport.cpp.obj)
                0x0000000003805f60                vex::pot::value(vex::analogUnits)
 .text.startup._GLOBAL__sub_I__ZN3vex7triportC2El
                0x0000000003805f64       0x30 /Applications/VEXcode V5 Text.app/Contents/Resources/sdk/vexv5/libv5rt.a(vex_triport.cpp.obj)
 .text._ZN3vex5colorD2Ev
                0x0000000003805f94        0x4 /Applications/VEXcode V5 Text.app/Contents/Resources/sdk/vexv5/libv5rt.a(vex_color.cpp.obj)
                0x0000000003805f94                vex::color::~color()
                0x0000000003805f94                vex::color::~color()
 .text._ZNK3vex5colorcvmEv
                0x0000000003805f98        0x8 /Applications/VEXcode V5 Text.app/Contents/Resources/sdk/vexv5/libv5rt.a(vex_color.cpp.obj)
                0x0000000003805f98                vex::color::operator unsigned long() const
 .text._ZNK3vex5color13isTransparentEv
                0x0000000003805fa0        0x8 /Applications/VEXcode V5 Text.app/Contents/Resources/sdk/vexv5/libv5rt.a(vex_color.cpp.obj)
                0x0000000003805fa0                vex::color::isTransparent() const
 .text.startup._GLOBAL__sub_I__ZN3vex5color5blackE
                0x0000000003805fa8      0x164 /Applications/VEXcode V5 Text.app/Contents/Resources/sdk/vexv5/libv5rt.a(vex_color.cpp.obj)
 .text._ZN3vex5timerD2Ev
                0x000000000380610c        0x4 /Applications/VEXcode V5 Text.app/Contents/Resources/sdk/vexv5/libv5rt.a(vex_timer.cpp.obj)
                0x000000000380610c                vex::timer::~timer()
                0x000000000380610c                vex::timer::~timer()
 .text._ZN3vex5timer5clearEv
                0x0000000003806110       0x1c /Applications/VEXcode V5 Text.app/Contents/Resources/sdk/vexv5/libv5rt.a(vex_timer.cpp.obj)
                0x0000000003806110                vex::timer::clear()
 .text._ZN3vex5timerC2Ev
                0x000000000380612c       0x14 /Applications/VEXcode V5 Text.app/Contents/Resources/sdk/vexv5/libv5rt.a(vex_timer.cpp.obj)
                0x000000000380612c                vex::timer::timer()
                0x000000000380612c                vex::timer::timer()
 .text.vexAdiPortConfigSet
                0x0000000003806140       0x28 /Applications/VEXcode V5 Text.app/Contents/Resources/sdk/vexv5/libv5rt.a(v5_apiuser.c.obj)
                0x0000000003806140                vexAdiPortConfigSet
 .text.vexAdiPortConfigGet
                0x0000000003806168       0x28 /Applications/VEXcode V5 Text.app/Contents/Resources/sdk/vexv5/libv5rt.a(v5_apiuser.c.obj)
                0x0000000003806168                vexAdiPortConfigGet
 .text.vexAdiValueGet
                0x0000000003806190       0x20 /Applications/VEXcode V5 Text.app/Contents/Resources/sdk/vexv5/libv5rt.a(v5_apiuser.c.obj)
                0x0000000003806190                vexAdiValueGet
 .text.vexMotorVelocitySet
                0x00000000038061b0       0x20 /Applications/VEXcode V5 Text.app/Contents/Resources/sdk/vexv5/libv5rt.a(v5_apiuser.c.obj)
                0x00000000038061b0                vexMotorVelocitySet
 .text.vexMotorActualVelocityGet
                0x00000000038061d0       0x24 /Applications/VEXcode V5 Text.app/Contents/Resources/sdk/vexv5/libv5rt.a(v5_apiuser.c.obj)
                0x00000000038061d0                vexMotorActualVelocityGet
 .text.vexMotorTemperatureGet
                0x00000000038061f4       0x24 /Applications/VEXcode V5 Text.app/Contents/Resources/sdk/vexv5/libv5rt.a(v5_apiuser.c.obj)
                0x00000000038061f4                vexMotorTemperatureGet
 .text.vexMotorZeroPositionFlagGet
                0x0000000003806218       0x18 /Applications/VEXcode V5 Text.app/Contents/Resources/sdk/vexv5/libv5rt.a(v5_apiuser.c.obj)
                0x0000000003806218                vexMotorZeroPositionFlagGet
 .text.vexMotorReverseFlagSet
                0x0000000003806230       0x20 /Applications/VEXcode V5 Text.app/Contents/Resources/sdk/vexv5/libv5rt.a(v5_apiuser.c.obj)
                0x0000000003806230                vexMotorReverseFlagSet
 .text.vexMotorEncoderUnitsSet
                0x0000000003806250       0x20 /Applications/VEXcode V5 Text.app/Contents/Resources/sdk/vexv5/libv5rt.a(v5_apiuser.c.obj)
                0x0000000003806250                vexMotorEncoderUnitsSet
 .text.vexMotorBrakeModeSet
                0x0000000003806270       0x20 /Applications/VEXcode V5 Text.app/Contents/Resources/sdk/vexv5/libv5rt.a(v5_apiuser.c.obj)
                0x0000000003806270                vexMotorBrakeModeSet
 .text.vexMotorPositionSet
                0x0000000003806290       0x28 /Applications/VEXcode V5 Text.app/Contents/Resources/sdk/vexv5/libv5rt.a(v5_apiuser.c.obj)
                0x0000000003806290                vexMotorPositionSet
 .text.vexMotorPositionGet
                0x00000000038062b8       0x24 /Applications/VEXcode V5 Text.app/Contents/Resources/sdk/vexv5/libv5rt.a(v5_apiuser.c.obj)
                0x00000000038062b8                vexMotorPositionGet
 .text.vexMotorRelativeTargetSet
                0x00000000038062dc       0x30 /Applications/VEXcode V5 Text.app/Contents/Resources/sdk/vexv5/libv5rt.a(v5_apiuser.c.obj)
                0x00000000038062dc                vexMotorRelativeTargetSet
 .text.vexMotorGearingSet
                0x000000000380630c       0x20 /Applications/VEXcode V5 Text.app/Contents/Resources/sdk/vexv5/libv5rt.a(v5_apiuser.c.obj)
                0x000000000380630c                vexMotorGearingSet
 .text.vexMotorGearingGet
                0x000000000380632c       0x18 /Applications/VEXcode V5 Text.app/Contents/Resources/sdk/vexv5/libv5rt.a(v5_apiuser.c.obj)
                0x000000000380632c                vexMotorGearingGet
 .text.vexImuReset
                0x0000000003806344       0x10 /Applications/VEXcode V5 Text.app/Contents/Resources/sdk/vexv5/libv5rt.a(v5_apiuser.c.obj)
                0x0000000003806344                vexImuReset
 .text.vexImuHeadingGet
                0x0000000003806354       0x10 /Applications/VEXcode V5 Text.app/Contents/Resources/sdk/vexv5/libv5rt.a(v5_apiuser.c.obj)
                0x0000000003806354                vexImuHeadingGet
 .text.vexImuDegreesGet
                0x0000000003806364       0x10 /Applications/VEXcode V5 Text.app/Contents/Resources/sdk/vexv5/libv5rt.a(v5_apiuser.c.obj)
                0x0000000003806364                vexImuDegreesGet
 .text.vexImuAttitudeGet
                0x0000000003806374       0x18 /Applications/VEXcode V5 Text.app/Contents/Resources/sdk/vexv5/libv5rt.a(v5_apiuser.c.obj)
                0x0000000003806374                vexImuAttitudeGet
 .text.vexImuStatusGet
                0x000000000380638c       0x10 /Applications/VEXcode V5 Text.app/Contents/Resources/sdk/vexv5/libv5rt.a(v5_apiuser.c.obj)
                0x000000000380638c                vexImuStatusGet
 .text.vexEventMaskSet
                0x000000000380639c       0x28 /Applications/VEXcode V5 Text.app/Contents/Resources/sdk/vexv5/libv5rt.a(v5_apiuser.c.obj)
                0x000000000380639c                vexEventMaskSet
 .text.vexEventMaskGet
                0x00000000038063c4       0x18 /Applications/VEXcode V5 Text.app/Contents/Resources/sdk/vexv5/libv5rt.a(v5_apiuser.c.obj)
                0x00000000038063c4                vexEventMaskGet
 .text._ZN3vex6deviceD2Ev
                0x00000000038063dc        0x4 /Applications/VEXcode V5 Text.app/Contents/Resources/sdk/vexv5/libv5rt.a(vex_device.cpp.obj)
                0x00000000038063dc                vex::device::~device()
                0x00000000038063dc                vex::device::~device()
 .text._ZN3vex6device5valueEv
                0x00000000038063e0        0x8 /Applications/VEXcode V5 Text.app/Contents/Resources/sdk/vexv5/libv5rt.a(vex_device.cpp.obj)
                0x00000000038063e0                vex::device::value()
 .text._ZN3vex6deviceD0Ev
                0x00000000038063e8       0x14 /Applications/VEXcode V5 Text.app/Contents/Resources/sdk/vexv5/libv5rt.a(vex_device.cpp.obj)
                0x00000000038063e8                vex::device::~device()
 .text._ZN3vex6device4initEl
                0x00000000038063fc       0x30 /Applications/VEXcode V5 Text.app/Contents/Resources/sdk/vexv5/libv5rt.a(vex_device.cpp.obj)
                0x00000000038063fc                vex::device::init(long)
 .text._ZN3vex6deviceC2El
                0x000000000380642c       0x20 /Applications/VEXcode V5 Text.app/Contents/Resources/sdk/vexv5/libv5rt.a(vex_device.cpp.obj)
                0x000000000380642c                vex::device::device(long)
                0x000000000380642c                vex::device::device(long)
 .text._ZN3vex6device4typeEv
                0x000000000380644c       0x10 /Applications/VEXcode V5 Text.app/Contents/Resources/sdk/vexv5/libv5rt.a(vex_device.cpp.obj)
                0x000000000380644c                vex::device::type()
 .text._ZN3vex6device9installedEv
                0x000000000380645c       0x14 /Applications/VEXcode V5 Text.app/Contents/Resources/sdk/vexv5/libv5rt.a(vex_device.cpp.obj)
                0x000000000380645c                vex::device::installed()
 .text._ZN3vex4taskC2EPFivE
                0x0000000003806470       0x5c /Applications/VEXcode V5 Text.app/Contents/Resources/sdk/vexv5/libv5rt.a(vex_task.cpp.obj)
                0x0000000003806470                vex::task::task(int (*)())
                0x0000000003806470                vex::task::task(int (*)())
 .text._ZN3vex4taskD2Ev
                0x00000000038064cc        0x4 /Applications/VEXcode V5 Text.app/Contents/Resources/sdk/vexv5/libv5rt.a(vex_task.cpp.obj)
                0x00000000038064cc                vex::task::~task()
                0x00000000038064cc                vex::task::~task()
 .text._ZN3vex4task4stopERKS0_
                0x00000000038064d0       0x18 /Applications/VEXcode V5 Text.app/Contents/Resources/sdk/vexv5/libv5rt.a(vex_task.cpp.obj)
                0x00000000038064d0                vex::task::stop(vex::task const&)
 .text._ZN3vex4task6_indexEPFivE
                0x00000000038064e8       0x14 /Applications/VEXcode V5 Text.app/Contents/Resources/sdk/vexv5/libv5rt.a(vex_task.cpp.obj)
                0x00000000038064e8                vex::task::_index(int (*)())
 .text._ZN3vex4task8_stopAllEv
                0x00000000038064fc       0x3c /Applications/VEXcode V5 Text.app/Contents/Resources/sdk/vexv5/libv5rt.a(vex_task.cpp.obj)
                0x00000000038064fc                vex::task::_stopAll()
 .text.__libc_fini_array
                0x0000000003806538       0x30 /Applications/VEXcode V5 Text.app/Contents/Resources/sdk/vexv5/gcc/libs/libc.a(lib_a-fini.o)
                0x0000000003806538                __libc_fini_array
 .text.__libc_init_array
                0x0000000003806568       0x58 /Applications/VEXcode V5 Text.app/Contents/Resources/sdk/vexv5/gcc/libs/libc.a(lib_a-init.o)
                0x0000000003806568                __libc_init_array
 .text.__libc_init_array.__stub
                0x00000000038065c0       0x18 linker stubs
 *(.gnu.linkonce.t.*)
 *(.plt)
 *(.gnu_warning)
 *(.gcc_except_table)
 *(.glue_7)
 .glue_7        0x00000000038065d8        0x0 linker stubs
 *(.glue_7t)
 .glue_7t       0x00000000038065d8        0x0 linker stubs
 *(.vfp11_veneer)
 .vfp11_veneer  0x00000000038065d8        0x0 linker stubs
 *(.ARM.extab)
 *(.gnu.linkonce.armextab.*)

.v4_bx          0x00000000038065d8        0x0
 .v4_bx         0x00000000038065d8        0x0 linker stubs

.iplt           0x00000000038065d8        0x0
 .iplt          0x00000000038065d8        0x0 build/src/main.o

.init
 *(.init)

.fini
 *(.fini)

.rodata         0x00000000038065d8      0x400
                0x00000000038065d8                __rodata_start = .
 *(.rodata)
 *(.rodata.*)
 .rodata.str1.1
                0x00000000038065d8      0x248 build/src/main.o
 .rodata.str1.1
                0x0000000003806820       0x2e /Applications/VEXcode V5 Text.app/Contents/Resources/sdk/vexv5/libv5rt.a(v5_startup.c.obj)
 *fill*         0x000000000380684e        0x2 
 .rodata._ZN3vex6PORT20E
                0x0000000003806850        0x4 /Applications/VEXcode V5 Text.app/Contents/Resources/sdk/vexv5/libv5rt.a(vex_global.cpp.obj)
                0x0000000003806850                vex::PORT20
 .rodata._ZN3vex3fwdE
                0x0000000003806854        0x4 /Applications/VEXcode V5 Text.app/Contents/Resources/sdk/vexv5/libv5rt.a(vex_global.cpp.obj)
                0x0000000003806854                vex::fwd
 .rodata._ZN3vex5PORT3E
                0x0000000003806858        0x4 /Applications/VEXcode V5 Text.app/Contents/Resources/sdk/vexv5/libv5rt.a(vex_global.cpp.obj)
                0x0000000003806858                vex::PORT3
 .rodata._ZN3vex5PORT1E
                0x000000000380685c        0x4 /Applications/VEXcode V5 Text.app/Contents/Resources/sdk/vexv5/libv5rt.a(vex_global.cpp.obj)
                0x000000000380685c                vex::PORT1
 .rodata._ZN3vex6PORT10E
                0x0000000003806860        0x4 /Applications/VEXcode V5 Text.app/Contents/Resources/sdk/vexv5/libv5rt.a(vex_global.cpp.obj)
                0x0000000003806860                vex::PORT10
 .rodata._ZN3vex10range12bitE
                0x0000000003806864        0x4 /Applications/VEXcode V5 Text.app/Contents/Resources/sdk/vexv5/libv5rt.a(vex_global.cpp.obj)
                0x0000000003806864                vex::range12bit
 .rodata._ZN3vex5whiteE
                0x0000000003806868        0x4 /Applications/VEXcode V5 Text.app/Contents/Resources/sdk/vexv5/libv5rt.a(vex_global.cpp.obj)
                0x0000000003806868                vex::white
 .rodata._ZN3vex3pctE
                0x000000000380686c        0x4 /Applications/VEXcode V5 Text.app/Contents/Resources/sdk/vexv5/libv5rt.a(vex_global.cpp.obj)
                0x000000000380686c                vex::pct
 .rodata._ZN3vex3redE
                0x0000000003806870        0x4 /Applications/VEXcode V5 Text.app/Contents/Resources/sdk/vexv5/libv5rt.a(vex_global.cpp.obj)
                0x0000000003806870                vex::red
 .rodata._ZN3vex5blackE
                0x0000000003806874        0x4 /Applications/VEXcode V5 Text.app/Contents/Resources/sdk/vexv5/libv5rt.a(vex_global.cpp.obj)
                0x0000000003806874                vex::black
 .rodata._ZN3vex4msecE
                0x0000000003806878        0x4 /Applications/VEXcode V5 Text.app/Contents/Resources/sdk/vexv5/libv5rt.a(vex_global.cpp.obj)
                0x0000000003806878                vex::msec
 .rodata._ZN3vex4blueE
                0x000000000380687c        0x4 /Applications/VEXcode V5 Text.app/Contents/Resources/sdk/vexv5/libv5rt.a(vex_global.cpp.obj)
                0x000000000380687c                vex::blue
 .rodata._ZN3vex5PORT9E
                0x0000000003806880        0x4 /Applications/VEXcode V5 Text.app/Contents/Resources/sdk/vexv5/libv5rt.a(vex_global.cpp.obj)
                0x0000000003806880                vex::PORT9
 .rodata._ZN3vex6PORT11E
                0x0000000003806884        0x4 /Applications/VEXcode V5 Text.app/Contents/Resources/sdk/vexv5/libv5rt.a(vex_global.cpp.obj)
                0x0000000003806884                vex::PORT11
 .rodata._ZN3vex3degE
                0x0000000003806888        0x4 /Applications/VEXcode V5 Text.app/Contents/Resources/sdk/vexv5/libv5rt.a(vex_global.cpp.obj)
                0x0000000003806888                vex::deg
 .rodata._ZN3vex5greenE
                0x000000000380688c        0x4 /Applications/VEXcode V5 Text.app/Contents/Resources/sdk/vexv5/libv5rt.a(vex_global.cpp.obj)
                0x000000000380688c                vex::green
 .rodata._ZN3vex6PORT22E
                0x0000000003806890        0x4 /Applications/VEXcode V5 Text.app/Contents/Resources/sdk/vexv5/libv5rt.a(vex_global.cpp.obj)
                0x0000000003806890                vex::PORT22
 .rodata._ZN3vex6orangeE
                0x0000000003806894        0x4 /Applications/VEXcode V5 Text.app/Contents/Resources/sdk/vexv5/libv5rt.a(vex_global.cpp.obj)
                0x0000000003806894                vex::orange
 .rodata._ZN3vex4holdE
                0x0000000003806898        0x4 /Applications/VEXcode V5 Text.app/Contents/Resources/sdk/vexv5/libv5rt.a(vex_global.cpp.obj)
                0x0000000003806898                vex::hold
 .rodata._ZN3vex6PORT16E
                0x000000000380689c        0x4 /Applications/VEXcode V5 Text.app/Contents/Resources/sdk/vexv5/libv5rt.a(vex_global.cpp.obj)
                0x000000000380689c                vex::PORT16
 .rodata._ZN3vex5coastE
                0x00000000038068a0        0x4 /Applications/VEXcode V5 Text.app/Contents/Resources/sdk/vexv5/libv5rt.a(vex_global.cpp.obj)
                0x00000000038068a0                vex::coast
 .rodata._ZN3vex6PORT13E
                0x00000000038068a4        0x4 /Applications/VEXcode V5 Text.app/Contents/Resources/sdk/vexv5/libv5rt.a(vex_global.cpp.obj)
                0x00000000038068a4                vex::PORT13
 .rodata._ZN3vex5PORT8E
                0x00000000038068a8        0x4 /Applications/VEXcode V5 Text.app/Contents/Resources/sdk/vexv5/libv5rt.a(vex_global.cpp.obj)
                0x00000000038068a8                vex::PORT8
 *fill*         0x00000000038068ac        0x4 
 .rodata._ZTVN3vex5motorE
                0x00000000038068b0       0x18 /Applications/VEXcode V5 Text.app/Contents/Resources/sdk/vexv5/libv5rt.a(vex_motor.cpp.obj)
                0x00000000038068b0                vtable for vex::motor
 .rodata._ZTVN3vex8inertialE
                0x00000000038068c8       0x60 /Applications/VEXcode V5 Text.app/Contents/Resources/sdk/vexv5/libv5rt.a(vex_imu.cpp.obj)
                0x00000000038068c8                vtable for vex::inertial
 .rodata.CSWTCH.15
                0x0000000003806928        0xb /Applications/VEXcode V5 Text.app/Contents/Resources/sdk/vexv5/libv5rt.a(vex_controller.cpp.obj)
 .rodata.CSWTCH.17
                0x0000000003806933        0xb /Applications/VEXcode V5 Text.app/Contents/Resources/sdk/vexv5/libv5rt.a(vex_controller.cpp.obj)
 .rodata.CSWTCH.23
                0x000000000380693e        0x3 /Applications/VEXcode V5 Text.app/Contents/Resources/sdk/vexv5/libv5rt.a(vex_controller.cpp.obj)
 .rodata.str1.1
                0x0000000003806941       0x2b /Applications/VEXcode V5 Text.app/Contents/Resources/sdk/vexv5/libv5rt.a(vex_brain.cpp.obj)
 .rodata.CSWTCH.36
                0x000000000380696c       0x10 /Applications/VEXcode V5 Text.app/Contents/Resources/sdk/vexv5/libv5rt.a(vex_triport.cpp.obj)
 *fill*         0x000000000380697c        0x4 
 .rodata._ZTVN3vex7triportE
                0x0000000003806980       0x18 /Applications/VEXcode V5 Text.app/Contents/Resources/sdk/vexv5/libv5rt.a(vex_triport.cpp.obj)
                0x0000000003806980                vtable for vex::triport
 .rodata.CSWTCH.31
                0x0000000003806998        0xe /Applications/VEXcode V5 Text.app/Contents/Resources/sdk/vexv5/libv5rt.a(vex_triport.cpp.obj)
 *fill*         0x00000000038069a6        0x2 
 .rodata._ZTVN3vex6deviceE
                0x00000000038069a8       0x18 /Applications/VEXcode V5 Text.app/Contents/Resources/sdk/vexv5/libv5rt.a(vex_device.cpp.obj)
                0x00000000038069a8                vtable for vex::device
 .rodata.str1.1
                0x00000000038069c0       0x14 /Applications/VEXcode V5 Text.app/Contents/Resources/sdk/vexv5/libv5rt.a(vex_task.cpp.obj)
 .rodata.str1.4
                0x00000000038069d4        0x4 /Applications/VEXcode V5 Text.app/Contents/Resources/sdk/vexv5/gcc/libs/libc.a(lib_a-impure.o)
                                          0x2 (size before relaxing)
 *(.gnu.linkonce.r.*)
                0x00000000038069d8                __rodata_end = .

.rodata1        0x00000000038069d8        0x0
                0x00000000038069d8                __rodata1_start = .
 *(.rodata1)
 *(.rodata1.*)
                0x00000000038069d8                __rodata1_end = .

.sdata2         0x00000000038069d8        0x0
                0x00000000038069d8                __sdata2_start = .
 *(.sdata2)
 *(.sdata2.*)
 *(.gnu.linkonce.s2.*)
                0x00000000038069d8                __sdata2_end = .

.sbss2          0x00000000038069d8        0x0
                0x00000000038069d8                __sbss2_start = .
 *(.sbss2)
 *(.sbss2.*)
 *(.gnu.linkonce.sb2.*)
                0x00000000038069d8                __sbss2_end = .

.data           0x00000000038069d8      0x454
                0x00000000038069d8                __data_start = .
 *(.data)
 *(.data.*)
 .data.shifterDown
                0x00000000038069d8        0x4 build/src/main.o
                0x00000000038069d8                shifterDown
 .data.shifterUp
                0x00000000038069dc        0x4 build/src/main.o
                0x00000000038069dc                shifterUp
 .data.gyroKp   0x00000000038069e0        0x4 build/src/main.o
                0x00000000038069e0                gyroKp
 .data.shifterKp
                0x00000000038069e4        0x4 build/src/main.o
                0x00000000038069e4                shifterKp
 .data.shifterMin
                0x00000000038069e8        0x4 build/src/main.o
                0x00000000038069e8                shifterMin
 .data.currAutonID
                0x00000000038069ec        0x4 build/src/main.o
                0x00000000038069ec                currAutonID
 .data.appRunning
                0x00000000038069f0        0x4 /Applications/VEXcode V5 Text.app/Contents/Resources/sdk/vexv5/libv5rt.a(v5_startup.c.obj)
                0x00000000038069f0                appRunning
 .data.__yoff   0x00000000038069f4        0x4 /Applications/VEXcode V5 Text.app/Contents/Resources/sdk/vexv5/libv5rt.a(v5_apijump.c.obj)
 .data._ZN3vex24__default_motor_velocityE
                0x00000000038069f8        0x4 /Applications/VEXcode V5 Text.app/Contents/Resources/sdk/vexv5/libv5rt.a(vex_motor.cpp.obj)
                0x00000000038069f8                vex::__default_motor_velocity
 *fill*         0x00000000038069fc        0x4 
 .data.impure_data
                0x0000000003806a00      0x428 /Applications/VEXcode V5 Text.app/Contents/Resources/sdk/vexv5/gcc/libs/libc.a(lib_a-impure.o)
 .data._impure_ptr
                0x0000000003806e28        0x4 /Applications/VEXcode V5 Text.app/Contents/Resources/sdk/vexv5/gcc/libs/libc.a(lib_a-impure.o)
                0x0000000003806e28                _impure_ptr
 *(.gnu.linkonce.d.*)
 *(.jcr)
 *(.got)
 *(.got.plt)
                0x0000000003806e2c                __data_end = .

.igot.plt       0x0000000003806e2c        0x0
 .igot.plt      0x0000000003806e2c        0x0 build/src/main.o

.data1          0x0000000003806e2c        0x0
                0x0000000003806e2c                __data1_start = .
 *(.data1)
 *(.data1.*)
                0x0000000003806e2c                __data1_end = .

.got
 *(.got)

.ctors          0x0000000003806e2c        0x0
                0x0000000003806e2c                __CTOR_LIST__ = .
                0x0000000003806e2c                ___CTORS_LIST___ = .
 *crtbegin.o(.ctors)
 *(EXCLUDE_FILE(*crtend.o) .ctors)
 *(SORT_BY_NAME(.ctors.*))
 *(.ctors)
                0x0000000003806e2c                __CTOR_END__ = .
                0x0000000003806e2c                ___CTORS_END___ = .

.dtors          0x0000000003806e2c        0x0
                0x0000000003806e2c                __DTOR_LIST__ = .
                0x0000000003806e2c                ___DTORS_LIST___ = .
 *crtbegin.o(.dtors)
 *(EXCLUDE_FILE(*crtend.o) .dtors)
 *(SORT_BY_NAME(.dtors.*))
 *(.dtors)
                0x0000000003806e2c                __DTOR_END__ = .
                0x0000000003806e2c                ___DTORS_END___ = .

.fixup          0x0000000003806e2c        0x0
                0x0000000003806e2c                __fixup_start = .
 *(.fixup)
                0x0000000003806e2c                __fixup_end = .

.eh_frame
 *(.eh_frame)

.eh_framehdr    0x0000000003806e2c        0x0
                0x0000000003806e2c                __eh_framehdr_start = .
 *(.eh_framehdr)
                0x0000000003806e2c                __eh_framehdr_end = .

.gcc_except_table
 *(.gcc_except_table)

.mmu_tbl        0x0000000003808000        0x0
                0x0000000003808000                __mmu_tbl_start = .
 *(.mmu_tbl)
                0x0000000003808000                __mmu_tbl_end = .

.ARM.exidx      0x0000000003806e2c        0x8
                0x0000000003806e2c                __exidx_start = .
 *(.ARM.exidx*)
 .ARM.exidx.text._Z9driveDistffi
                0x0000000003806e2c        0x8 build/src/main.o
 .ARM.exidx.text._Z16driveDistRollersfff
                0x0000000003806e34        0x0 build/src/main.o
                                          0x8 (size before relaxing)
 .ARM.exidx.text._Z9slowDrivev
                0x0000000003806e34        0x0 build/src/main.o
                                          0x8 (size before relaxing)
 .ARM.exidx.text._Z15controllerDrivev
                0x0000000003806e34        0x0 build/src/main.o
                                          0x8 (size before relaxing)
 .ARM.exidx.text._Z17shifterStackSpeedv
                0x0000000003806e34        0x0 build/src/main.o
                                          0x8 (size before relaxing)
 .ARM.exidx.text._Z9autoStackv
                0x0000000003806e34        0x0 build/src/main.o
                                          0x8 (size before relaxing)
 .ARM.exidx.text._Z10gyroTurnTod
                0x0000000003806e34        0x0 build/src/main.o
                                          0x8 (size before relaxing)
 .ARM.exidx.text._Z10drawHeaderv
                0x0000000003806e34        0x0 build/src/main.o
                                          0x8 (size before relaxing)
 .ARM.exidx.text._ZN3vex5brain3lcd5printIfEEvT_
                0x0000000003806e34        0x0 build/src/main.o
                                          0x8 (size before relaxing)
 .ARM.exidx.text._Z12drawMainMenuv
                0x0000000003806e34        0x0 build/src/main.o
                                          0x8 (size before relaxing)
 .ARM.exidx.text._Z12drawDebuggerv
                0x0000000003806e34        0x0 build/src/main.o
                                          0x8 (size before relaxing)
 .ARM.exidx.text._Z19drawMainAutonScreenv
                0x0000000003806e34        0x0 build/src/main.o
                                          0x8 (size before relaxing)
 .ARM.exidx.text._Z19drawBlueAutonScreenv
                0x0000000003806e34        0x0 build/src/main.o
                                          0x8 (size before relaxing)
 .ARM.exidx.text._Z18drawRedAutonScreenv
                0x0000000003806e34        0x0 build/src/main.o
                                          0x8 (size before relaxing)
 .ARM.exidx.text._Z12clearSensorsv
                0x0000000003806e34        0x0 build/src/main.o
                                          0x8 (size before relaxing)
 .ARM.exidx.text._Z19drawMotorTempScreenv
                0x0000000003806e34        0x0 build/src/main.o
                                          0x8 (size before relaxing)
 .ARM.exidx.text._Z9pre_autonv
                0x0000000003806e34        0x0 build/src/main.o
                                          0x8 (size before relaxing)
 .ARM.exidx.text._Z18redUnprotectedSafev
                0x0000000003806e34        0x0 build/src/main.o
                                          0x8 (size before relaxing)
 .ARM.exidx.text._Z19blueUnprotectedSafev
                0x0000000003806e34        0x0 build/src/main.o
                                          0x8 (size before relaxing)
 .ARM.exidx.text._Z10autonomousv
                0x0000000003806e34        0x0 build/src/main.o
                                          0x8 (size before relaxing)
 .ARM.exidx.text._Z11usercontrolv
                0x0000000003806e34        0x0 build/src/main.o
                                          0x8 (size before relaxing)
 .ARM.exidx.text.main
                0x0000000003806e34        0x0 build/src/main.o
                                          0x8 (size before relaxing)
 .ARM.exidx.text._GLOBAL__sub_I_main.cpp
                0x0000000003806e34        0x0 build/src/main.o
                                          0x8 (size before relaxing)
 .ARM.exidx.text._Z11vexcodeInitv
                0x0000000003806e34        0x0 build/src/robot-config.o
                                          0x8 (size before relaxing)
 .ARM.exidx.text._GLOBAL__sub_I_robot_config.cpp
                0x0000000003806e34        0x0 build/src/robot-config.o
                                          0x8 (size before relaxing)
 *(.gnu.linkonce.armexidix.*.*)
                0x0000000003806e34                __exidx_end = .

.rel.dyn        0x0000000003806e34        0x0
 .rel.iplt      0x0000000003806e34        0x0 build/src/main.o

.preinit_array  0x0000000003806e34        0x0
                0x0000000003806e34                __preinit_array_start = .
 *(SORT_BY_NAME(.preinit_array.*))
 *(.preinit_array)
                0x0000000003806e34                __preinit_array_end = .

.init_array     0x0000000003806e34       0x10
                0x0000000003806e34                __init_array_start = .
 *(SORT_BY_NAME(.init_array.*))
 *(.init_array)
 .init_array    0x0000000003806e34        0x4 build/src/main.o
 .init_array    0x0000000003806e38        0x4 build/src/robot-config.o
 .init_array    0x0000000003806e3c        0x4 /Applications/VEXcode V5 Text.app/Contents/Resources/sdk/vexv5/libv5rt.a(vex_triport.cpp.obj)
 .init_array    0x0000000003806e40        0x4 /Applications/VEXcode V5 Text.app/Contents/Resources/sdk/vexv5/libv5rt.a(vex_color.cpp.obj)
                0x0000000003806e44                __init_array_end = .

.fini_array     0x0000000003806e44        0x0
                0x0000000003806e44                __fini_array_start = .
 *(SORT_BY_NAME(.fini_array.*))
 *(.fini_array)
                0x0000000003806e44                __fini_array_end = .

.ARM.attributes
                0x0000000003806e44       0x3c
                0x0000000003806e44                __ARM.attributes_start = .
 *(.ARM.attributes)
 .ARM.attributes
                0x0000000003806e44       0x3a build/src/main.o
 .ARM.attributes
                0x0000000003806e7e       0x3a build/src/robot-config.o
 .ARM.attributes
                0x0000000003806eb8       0x35 /Applications/VEXcode V5 Text.app/Contents/Resources/sdk/vexv5/libv5rt.a(v5_startup.c.obj)
 .ARM.attributes
                0x0000000003806eed       0x35 /Applications/VEXcode V5 Text.app/Contents/Resources/sdk/vexv5/libv5rt.a(v5_util.c.obj)
 .ARM.attributes
                0x0000000003806f22       0x35 /Applications/VEXcode V5 Text.app/Contents/Resources/sdk/vexv5/libv5rt.a(v5_apijump.c.obj)
 .ARM.attributes
                0x0000000003806f57       0x35 /Applications/VEXcode V5 Text.app/Contents/Resources/sdk/vexv5/libv5rt.a(v5_apiversions.c.obj)
 .ARM.attributes
                0x0000000003806f8c       0x35 /Applications/VEXcode V5 Text.app/Contents/Resources/sdk/vexv5/libv5rt.a(vex_global.cpp.obj)
 .ARM.attributes
                0x0000000003806fc1       0x35 /Applications/VEXcode V5 Text.app/Contents/Resources/sdk/vexv5/libv5rt.a(vex_motor.cpp.obj)
 .ARM.attributes
                0x0000000003806ff6       0x35 /Applications/VEXcode V5 Text.app/Contents/Resources/sdk/vexv5/libv5rt.a(vex_imu.cpp.obj)
 .ARM.attributes
                0x000000000380702b       0x35 /Applications/VEXcode V5 Text.app/Contents/Resources/sdk/vexv5/libv5rt.a(vex_controller.cpp.obj)
 .ARM.attributes
                0x0000000003807060       0x35 /Applications/VEXcode V5 Text.app/Contents/Resources/sdk/vexv5/libv5rt.a(vex_thread.cpp.obj)
 .ARM.attributes
                0x0000000003807095       0x35 /Applications/VEXcode V5 Text.app/Contents/Resources/sdk/vexv5/libv5rt.a(vex_event.cpp.obj)
 .ARM.attributes
                0x00000000038070ca       0x35 /Applications/VEXcode V5 Text.app/Contents/Resources/sdk/vexv5/libv5rt.a(vex_mevent.cpp.obj)
 .ARM.attributes
                0x00000000038070ff       0x35 /Applications/VEXcode V5 Text.app/Contents/Resources/sdk/vexv5/libv5rt.a(vex_brain.cpp.obj)
 .ARM.attributes
                0x0000000003807134       0x35 /Applications/VEXcode V5 Text.app/Contents/Resources/sdk/vexv5/libv5rt.a(vex_competition.cpp.obj)
 .ARM.attributes
                0x0000000003807169       0x35 /Applications/VEXcode V5 Text.app/Contents/Resources/sdk/vexv5/libv5rt.a(vex_triport.cpp.obj)
 .ARM.attributes
                0x000000000380719e       0x35 /Applications/VEXcode V5 Text.app/Contents/Resources/sdk/vexv5/libv5rt.a(vex_color.cpp.obj)
 .ARM.attributes
                0x00000000038071d3       0x35 /Applications/VEXcode V5 Text.app/Contents/Resources/sdk/vexv5/libv5rt.a(vex_timer.cpp.obj)
 .ARM.attributes
                0x0000000003807208       0x35 /Applications/VEXcode V5 Text.app/Contents/Resources/sdk/vexv5/libv5rt.a(v5_apiuser.c.obj)
 .ARM.attributes
                0x000000000380723d       0x35 /Applications/VEXcode V5 Text.app/Contents/Resources/sdk/vexv5/libv5rt.a(vex_device.cpp.obj)
 .ARM.attributes
                0x0000000003807272       0x35 /Applications/VEXcode V5 Text.app/Contents/Resources/sdk/vexv5/libv5rt.a(vex_task.cpp.obj)
 .ARM.attributes
                0x00000000038072a7       0x2b /Applications/VEXcode V5 Text.app/Contents/Resources/sdk/vexv5/gcc/libs/libc.a(lib_a-fini.o)
 .ARM.attributes
                0x00000000038072d2       0x2b /Applications/VEXcode V5 Text.app/Contents/Resources/sdk/vexv5/gcc/libs/libc.a(lib_a-impure.o)
 .ARM.attributes
                0x00000000038072fd       0x2b /Applications/VEXcode V5 Text.app/Contents/Resources/sdk/vexv5/gcc/libs/libc.a(lib_a-init.o)
                0x0000000003807328                __ARM.attributes_end = .

.sdata          0x0000000003806e44        0x0
                0x0000000003806e44                __sdata_start = .
 *(.sdata)
 *(.sdata.*)
 *(.gnu.linkonce.s.*)
                0x0000000003806e44                __sdata_end = .

.sbss           0x0000000003806e44        0x0
                0x0000000003806e44                __sbss_start = .
 *(.sbss)
 *(.sbss.*)
 *(.gnu.linkonce.sb.*)
                0x0000000003806e44                __sbss_end = .

.tdata          0x0000000003806e44        0x0
                0x0000000003806e44                __tdata_start = .
 *(.tdata)
 *(.tdata.*)
 *(.gnu.linkonce.td.*)
                0x0000000003806e44                __tdata_end = .

.tbss           0x0000000003806e44        0x0
                0x0000000003806e44                __tbss_start = .
 *(.tbss)
 *(.tbss.*)
 *(.gnu.linkonce.tb.*)
                0x0000000003806e44                __tbss_end = .

.bss            0x0000000003806e48      0xa25
                0x0000000003806e48                __bss_start = .
 *(.bss)
 *(.bss.*)
 .bss._ZStL8__ioinit
                0x0000000003806e48        0x1 build/src/main.o
 *fill*         0x0000000003806e49        0x3 
 .bss.Competition
                0x0000000003806e4c       0x28 build/src/main.o
                0x0000000003806e4c                Competition
 .bss.leftDrive
                0x0000000003806e74       0x24 build/src/main.o
                0x0000000003806e74                leftDrive
 .bss.rightDrive
                0x0000000003806e98       0x24 build/src/main.o
                0x0000000003806e98                rightDrive
 .bss.rightLift
                0x0000000003806ebc       0x24 build/src/main.o
                0x0000000003806ebc                rightLift
 .bss.leftLift  0x0000000003806ee0       0x24 build/src/main.o
                0x0000000003806ee0                leftLift
 .bss.leftRoller
                0x0000000003806f04       0x24 build/src/main.o
                0x0000000003806f04                leftRoller
 .bss.rightRoller
                0x0000000003806f28       0x24 build/src/main.o
                0x0000000003806f28                rightRoller
 .bss.shifter1  0x0000000003806f4c       0x24 build/src/main.o
                0x0000000003806f4c                shifter1
 .bss.shifter2  0x0000000003806f70       0x24 build/src/main.o
                0x0000000003806f70                shifter2
 .bss.controller1
                0x0000000003806f94      0x1e0 build/src/main.o
                0x0000000003806f94                controller1
 .bss.controller2
                0x0000000003807174      0x1e0 build/src/main.o
                0x0000000003807174                controller2
 *fill*         0x0000000003807354        0x4 
 .bss.gyroscope
                0x0000000003807358       0x30 build/src/main.o
                0x0000000003807358                gyroscope
 .bss.ThreeWirePort
                0x0000000003807388      0x174 build/src/main.o
                0x0000000003807388                ThreeWirePort
 .bss.shifterPot
                0x00000000038074fc       0x1c build/src/main.o
                0x00000000038074fc                shifterPot
 .bss.currentAutonName
                0x0000000003807518        0x4 build/src/main.o
                0x0000000003807518                currentAutonName
 *fill*         0x000000000380751c        0x4 
 .bss.leftDriveSpeed
                0x0000000003807520        0x8 build/src/main.o
                0x0000000003807520                leftDriveSpeed
 .bss.rightDriveSpeed
                0x0000000003807528        0x8 build/src/main.o
                0x0000000003807528                rightDriveSpeed
 .bss.gyroKd    0x0000000003807530        0x4 build/src/main.o
                0x0000000003807530                gyroKd
 .bss.gyroCalibrated
                0x0000000003807534        0x1 build/src/main.o
                0x0000000003807534                gyroCalibrated
 *fill*         0x0000000003807535        0x3 
 .bss.totalDistance
                0x0000000003807538        0x4 build/src/main.o
                0x0000000003807538                totalDistance
 .bss.shifterPIDSpeed
                0x000000000380753c        0x4 build/src/main.o
                0x000000000380753c                shifterPIDSpeed
 .bss.distanceError
                0x0000000003807540        0x4 build/src/main.o
                0x0000000003807540                distanceError
 .bss.tankDrive
                0x0000000003807544        0x1 build/src/main.o
                0x0000000003807544                tankDrive
 *fill*         0x0000000003807545        0x3 
 .bss.Brain     0x0000000003807548      0x2bc build/src/robot-config.o
                0x0000000003807548                Brain
 .bss.__dso_handle
                0x0000000003807804        0x4 /Applications/VEXcode V5 Text.app/Contents/Resources/sdk/vexv5/libv5rt.a(v5_startup.c.obj)
                0x0000000003807804                __dso_handle
 .bss._ZN3vex11competition22bStopTasksBetweenModesE
                0x0000000003807808        0x1 /Applications/VEXcode V5 Text.app/Contents/Resources/sdk/vexv5/libv5rt.a(vex_competition.cpp.obj)
                0x0000000003807808                vex::competition::bStopTasksBetweenModes
 .bss._ZN3vex11competition15_driver_pendingE
                0x0000000003807809        0x1 /Applications/VEXcode V5 Text.app/Contents/Resources/sdk/vexv5/libv5rt.a(vex_competition.cpp.obj)
                0x0000000003807809                vex::competition::_driver_pending
 .bss._ZN3vex11competition14_auton_pendingE
                0x000000000380780a        0x1 /Applications/VEXcode V5 Text.app/Contents/Resources/sdk/vexv5/libv5rt.a(vex_competition.cpp.obj)
                0x000000000380780a                vex::competition::_auton_pending
 *fill*         0x000000000380780b        0x1 
 .bss._ZN3vex11competition23_drivercontrol_callbackE
                0x000000000380780c        0x4 /Applications/VEXcode V5 Text.app/Contents/Resources/sdk/vexv5/libv5rt.a(vex_competition.cpp.obj)
                0x000000000380780c                vex::competition::_drivercontrol_callback
 .bss._ZN3vex11competition20_autonomous_callbackE
                0x0000000003807810        0x4 /Applications/VEXcode V5 Text.app/Contents/Resources/sdk/vexv5/libv5rt.a(vex_competition.cpp.obj)
                0x0000000003807810                vex::competition::_autonomous_callback
 .bss._ZN3vex11competition25bStopAllTasksBetweenModesE
                0x0000000003807814        0x1 /Applications/VEXcode V5 Text.app/Contents/Resources/sdk/vexv5/libv5rt.a(vex_competition.cpp.obj)
                0x0000000003807814                vex::competition::bStopAllTasksBetweenModes
 .bss._ZStL8__ioinit
                0x0000000003807815        0x1 /Applications/VEXcode V5 Text.app/Contents/Resources/sdk/vexv5/libv5rt.a(vex_triport.cpp.obj)
 *fill*         0x0000000003807816        0x2 
 .bss._ZN3vex5color6orangeE